58726902@N05_identity_25/face_4.jpg
58726902@N05_identity_25/face_3.jpg
Kamal_Kharrazi/Kamal_Kharrazi_3.jpg
Kamal_Kharrazi/Kamal_Kharrazi_1.jpg
41259478@N00_identity_28/face_2.jpg
41259478@N00_identity_28/face_1.jpg
Milton_Berle/Milton_Berle_1.jpg
Kathryn_Morris/Kathryn_Morris_2.jpg
Kathryn_Morris/Kathryn_Morris_1.jpg
7178115@N05_identity_54/face_2.jpg
7178115@N05_identity_54/face_1.jpg
41422863@N00_identity_64/face_0.jpg
41422863@N00_identity_64/face_1.jpg
Conrad_Black/Conrad_Black_1.jpg
Conrad_Black/Conrad_Black_2.jpg
Craig_Burley/Craig_Burley_2.jpg
Craig_Burley/Craig_Burley_1.jpg
Daryl_Hannah/Daryl_Hannah_1.jpg
Daryl_Hannah/Daryl_Hannah_3.jpg
50780602@N04_identity_42/face_7.jpg
50780602@N04_identity_42/face_3.jpg
60463952@N04_identity_107/face_4.jpg
60463952@N04_identity_107/face_3.jpg
Connie_Chung/Connie_Chung_2.jpg
Connie_Chung/Connie_Chung_1.jpg
Michael_Chiklis/Michael_Chiklis_1.jpg
Michael_Chiklis/Michael_Chiklis_3.jpg
45277752@N00_identity_4/face_2.jpg
45277752@N00_identity_4/face_1.jpg
45670469@N06_identity_11/face_2.jpg
45670469@N06_identity_11/face_1.jpg
Brian_Kerr/Brian_Kerr_2.jpg
Brian_Kerr/Brian_Kerr_1.jpg
66327609@N00_identity_68/face_2.jpg
66327609@N00_identity_68/face_1.jpg
47009683@N00_identity_72/face_0.jpg
47009683@N00_identity_72/face_2.jpg
51640646@N04_identity_49/face_0.jpg
51640646@N04_identity_49/face_1.jpg
Isabelle_Huppert/Isabelle_Huppert_1.jpg
Isabelle_Huppert/Isabelle_Huppert_2.jpg
Filippo_Inzaghi/Filippo_Inzaghi_1.jpg
Hank_Aaron/Hank_Aaron_1.jpg
Hank_Aaron/Hank_Aaron_2.jpg
44564547@N00_identity_56/face_1.jpg
44564547@N00_identity_56/face_3.jpg
Jason_Mewes/Jason_Mewes_1.jpg
Jason_Mewes/Jason_Mewes_3.jpg
56027476@N00_identity_161/face_2.jpg
56027476@N00_identity_161/face_1.jpg
59485410@N07_identity_5/face_0.jpg
59485410@N07_identity_5/face_2.jpg
40343746@N02_identity_32/7350911530_0.jpg
40343746@N02_identity_32/7165713295_1.jpg
51062326@N00_identity_15/face_0.jpg
51062326@N00_identity_15/face_2.jpg
57822164@N00_identity_3/face_0.jpg
57822164@N00_identity_3/face_2.jpg
Mile_Mrksic/Mile_Mrksic_3.jpg
Mile_Mrksic/Mile_Mrksic_1.jpg
Horst_Koehler/Horst_Koehler_1.jpg
Horst_Koehler/Horst_Koehler_2.jpg
58123287@N00_identity_29/face_2.jpg
58123287@N00_identity_29/face_1.jpg
Massoud_Barzani/Massoud_Barzani_3.jpg
Massoud_Barzani/Massoud_Barzani_1.jpg
Alastair_Johnston/Alastair_Johnston_3.jpg
Alastair_Johnston/Alastair_Johnston_1.jpg
John_Stockton/John_Stockton_1.jpg
John_Stockton/John_Stockton_3.jpg
Mike_Johanns/Mike_Johanns_2.jpg
Mike_Johanns/Mike_Johanns_1.jpg
60397683@N06_identity_10/face_2.jpg
60397683@N06_identity_10/face_3.jpg
63639802@N02_identity_19/face_0.jpg
63639802@N02_identity_19/face_1.jpg
Chadha_Gurinder/Chadha_Gurinder_2.jpg
Chadha_Gurinder/Chadha_Gurinder_1.jpg
Doug_Collins/Doug_Collins_2.jpg
Doug_Collins/Doug_Collins_1.jpg
Estelle_Morris/Estelle_Morris_2.jpg
Estelle_Morris/Estelle_Morris_1.jpg
Jacques_Villeneuve/Jacques_Villeneuve_3.jpg
Jacques_Villeneuve/Jacques_Villeneuve_1.jpg
Astrid_Betancourt/Astrid_Betancourt_3.jpg
Astrid_Betancourt/Astrid_Betancourt_1.jpg
39460517@N03_identity_121/face_0.jpg
39460517@N03_identity_121/face_2.jpg
48683366@N00_identity_1/face_1.jpg
48683366@N00_identity_1/face_3.jpg
Mohamed_Seineldin/Mohamed_Seineldin_1.jpg
Mohamed_Seineldin/Mohamed_Seineldin_3.jpg
Mike_Stefanik/Mike_Stefanik_1.jpg
Mike_Stefanik/Mike_Stefanik_2.jpg
Bill_Bradley/Bill_Bradley_3.jpg
Bill_Bradley/Bill_Bradley_1.jpg
Bill_Bradley/Bill_Bradley_2.jpg
Mike_Bair/Mike_Bair_3.jpg
Mike_Bair/Mike_Bair_1.jpg
38466332@N03_identity_20/face_2.jpg
38466332@N03_identity_20/face_1.jpg
Jean-Marc_Olive/Jean-Marc_Olive_2.jpg
Jean-Marc_Olive/Jean-Marc_Olive_1.jpg
Judy_Genshaft/Judy_Genshaft_3.jpg
Judy_Genshaft/Judy_Genshaft_1.jpg
41178808@N00_identity_3/face_0.jpg
41178808@N00_identity_3/face_2.jpg
Mary_Sue_Coleman/Mary_Sue_Coleman_2.jpg
Mary_Sue_Coleman/Mary_Sue_Coleman_1.jpg
Doris_Roberts/Doris_Roberts_3.jpg
Doris_Roberts/Doris_Roberts_1.jpg
76154228@N00_identity_6/face_1.jpg
Elgin_Baylor/Elgin_Baylor_3.jpg
Elgin_Baylor/Elgin_Baylor_1.jpg
Hal_Sutton/Hal_Sutton_2.jpg
Hal_Sutton/Hal_Sutton_1.jpg
40387394@N06_identity_12/face_5.jpg
40387394@N06_identity_12/face_7.jpg
Daryl_Smith/Daryl_Smith_2.jpg
Daryl_Smith/Daryl_Smith_1.jpg
Barbara_Roberts/Barbara_Roberts_1.jpg
Barbara_Roberts/Barbara_Roberts_2.jpg
49316421@N00_identity_11/face_5.jpg
49316421@N00_identity_11/face_7.jpg
55314747@N07_identity_1/face_2.jpg
55314747@N07_identity_1/face_3.jpg
51963363@N00_identity_40/face_1.jpg
51963363@N00_identity_40/face_3.jpg
Mary_Matalin/Mary_Matalin_1.jpg
Mary_Matalin/Mary_Matalin_2.jpg
Jose_Luis_Santiago_Vasconcelos/Jose_Luis_Santiago_Vasconcelos_1.jpg
Maurice_Cheeks/Maurice_Cheeks_3.jpg
Maurice_Cheeks/Maurice_Cheeks_1.jpg
Mike_Slive/Mike_Slive_3.jpg
Mike_Slive/Mike_Slive_1.jpg
48017522@N00_identity_65/face_7.jpg
48017522@N00_identity_65/face_2.jpg
Fran_Drescher/Fran_Drescher_3.jpg
Fran_Drescher/Fran_Drescher_1.jpg
57894430@N00_identity_1/face_0.jpg
57894430@N00_identity_1/face_1.jpg
John_Swofford/John_Swofford_1.jpg
John_Swofford/John_Swofford_3.jpg
49003667@N00_identity_0/face_1.jpg
49003667@N00_identity_0/face_3.jpg
Brandon_Robinson/Brandon_Robinson_3.jpg
Brandon_Robinson/Brandon_Robinson_1.jpg
Francisco_Santos/Francisco_Santos_1.jpg
Francisco_Santos/Francisco_Santos_3.jpg
61236378@N00_identity_18/face_0.jpg
61236378@N00_identity_18/face_1.jpg
Gloria_Allred/Gloria_Allred_1.jpg
Gloria_Allred/Gloria_Allred_3.jpg
Marcus_Allen/Marcus_Allen_1.jpg
Marcus_Allen/Marcus_Allen_3.jpg
51640646@N04_identity_42/6796991153_0.jpg
51640646@N04_identity_42/6796988325_0.jpg
Isabella_Rossellini/Isabella_Rossellini_2.jpg
Isabella_Rossellini/Isabella_Rossellini_3.jpg
Joseph_Ralston/Joseph_Ralston_2.jpg
Joseph_Ralston/Joseph_Ralston_1.jpg
Jean-Claude_Van_Damme/Jean-Claude_Van_Damme_2.jpg
Jean-Claude_Van_Damme/Jean-Claude_Van_Damme_1.jpg
King_Abdullah_II/King_Abdullah_II_1.jpg
Linda_Dano/Linda_Dano_2.jpg
Linda_Dano/Linda_Dano_1.jpg
Laszlo_Kovacs/Laszlo_Kovacs_1.jpg
Laszlo_Kovacs/Laszlo_Kovacs_3.jpg
46920115@N03_identity_12/face_5.jpg
46920115@N03_identity_12/face_3.jpg
Ben_Kingsley/Ben_Kingsley_1.jpg
Ben_Kingsley/Ben_Kingsley_2.jpg
Garry_McCoy/Garry_McCoy_1.jpg
Garry_McCoy/Garry_McCoy_2.jpg
49231590@N07_identity_60/face_0.jpg
49231590@N07_identity_60/face_4.jpg
John_Timoney/John_Timoney_3.jpg
John_Timoney/John_Timoney_1.jpg
Jim_Beattie/Jim_Beattie_1.jpg
Jim_Beattie/Jim_Beattie_3.jpg
Don_Siegelman/Don_Siegelman_3.jpg
Don_Siegelman/Don_Siegelman_1.jpg
76453362@N04_identity_3/face_0.jpg
76453362@N04_identity_3/face_1.jpg
51835384@N08_identity_20/face_0.jpg
51835384@N08_identity_20/face_1.jpg
Kirk_Johnson/Kirk_Johnson_1.jpg
Kirk_Johnson/Kirk_Johnson_2.jpg
Emmanuel_Filiberto/Emmanuel_Filiberto_2.jpg
Emmanuel_Filiberto/Emmanuel_Filiberto_1.jpg
Gwen_Stefani/Gwen_Stefani_1.jpg
Gwen_Stefani/Gwen_Stefani_2.jpg
Jackie_Chan/Jackie_Chan_1.jpg
43343373@N05_identity_44/face_0.jpg
42301405@N06_identity_23/face_0.jpg
42301405@N06_identity_23/face_8.jpg
57958712@N00_identity_19/face_0.jpg
Larry_Hagman/Larry_Hagman_3.jpg
Larry_Hagman/Larry_Hagman_1.jpg
Michael_Keaton/Michael_Keaton_3.jpg
Michael_Keaton/Michael_Keaton_1.jpg
Doug_Moe/Doug_Moe_3.jpg
Doug_Moe/Doug_Moe_2.jpg
41304283@N04_identity_8/face_9.jpg
41304283@N04_identity_8/face_11.jpg
39550519@N04_identity_146/face_0.jpg
39550519@N04_identity_146/face_1.jpg
Celso_Amorim/Celso_Amorim_2.jpg
Celso_Amorim/Celso_Amorim_1.jpg
Jimmy_Carter/Jimmy_Carter_2.jpg
Jimmy_Carter/Jimmy_Carter_1.jpg
50642338@N00_identity_78/face_2.jpg
50642338@N00_identity_78/face_1.jpg
42998816@N02_identity_1/face_0.jpg
42998816@N02_identity_1/face_1.jpg
Anita_DeFrantz/Anita_DeFrantz_1.jpg
Anita_DeFrantz/Anita_DeFrantz_3.jpg
Karen_Allen/Karen_Allen_3.jpg
Karen_Allen/Karen_Allen_1.jpg
Mario_Dominguez/Mario_Dominguez_3.jpg
Mario_Dominguez/Mario_Dominguez_1.jpg
Dick_Clark/Dick_Clark_1.jpg
69754957@N00_identity_6/face_1.jpg
69754957@N00_identity_6/face_3.jpg
Charles_Tannok/Charles_Tannok_3.jpg
Charles_Tannok/Charles_Tannok_1.jpg
53895021@N06_identity_24/face_2.jpg
53895021@N06_identity_24/face_1.jpg
Lisa_Murkowski/Lisa_Murkowski_2.jpg
Lisa_Murkowski/Lisa_Murkowski_1.jpg
Carey_Lowell/Carey_Lowell_2.jpg
Carey_Lowell/Carey_Lowell_3.jpg
38841239@N02_identity_7/face_1.jpg
38841239@N02_identity_7/face_3.jpg
Goran_Persson/Goran_Persson_2.jpg
Goran_Persson/Goran_Persson_1.jpg
42301405@N06_identity_24/face_5.jpg
42301405@N06_identity_24/face_4.jpg
69204808@N00_identity_0/face_1.jpg
69204808@N00_identity_0/face_6.jpg
Mario_Cipollini/Mario_Cipollini_2.jpg
Mario_Cipollini/Mario_Cipollini_1.jpg
Hassan_Nasrallah/Hassan_Nasrallah_3.jpg
Hassan_Nasrallah/Hassan_Nasrallah_1.jpg
Dustin_Hoffman/Dustin_Hoffman_2.jpg
Dustin_Hoffman/Dustin_Hoffman_1.jpg
Daniel_Patrick_Moynihan/Daniel_Patrick_Moynihan_1.jpg
Daniel_Patrick_Moynihan/Daniel_Patrick_Moynihan_3.jpg
Fatmir_Limaj/Fatmir_Limaj_1.jpg
Fatmir_Limaj/Fatmir_Limaj_2.jpg
Jose_Viegas_Filho/Jose_Viegas_Filho_3.jpg
Jose_Viegas_Filho/Jose_Viegas_Filho_1.jpg
44446234@N00_identity_55/face_0.jpg
44446234@N00_identity_55/face_1.jpg
Brigitte_Boisselier/Brigitte_Boisselier_2.jpg
Brigitte_Boisselier/Brigitte_Boisselier_1.jpg
Holly_Hunter/Holly_Hunter_3.jpg
Holly_Hunter/Holly_Hunter_1.jpg
Carol_Burnett/Carol_Burnett_1.jpg
Carol_Burnett/Carol_Burnett_2.jpg
Michel_Temer/Michel_Temer_3.jpg
Michel_Temer/Michel_Temer_2.jpg
Isaiah_Washington/Isaiah_Washington_2.jpg
Isaiah_Washington/Isaiah_Washington_1.jpg
Jeane_Kirkpatrick/Jeane_Kirkpatrick_2.jpg
Jeane_Kirkpatrick/Jeane_Kirkpatrick_1.jpg
Marina_Silva/Marina_Silva_2.jpg
Marina_Silva/Marina_Silva_1.jpg
Katie_Couric/Katie_Couric_1.jpg
Katie_Couric/Katie_Couric_3.jpg
Chang_Dae_Whan/Chang_Dae_Whan_2.jpg
Chang_Dae_Whan/Chang_Dae_Whan_3.jpg
49663927@N06_identity_100/face_0.jpg
49663927@N06_identity_100/face_1.jpg
Carlos_Quintanilla_Schmidt/Carlos_Quintanilla_Schmidt_1.jpg
Carlos_Quintanilla_Schmidt/Carlos_Quintanilla_Schmidt_2.jpg
54971823@N00_identity_87/face_0.jpg
54971823@N00_identity_87/face_1.jpg
James_Hallock/James_Hallock_1.jpg
James_Hallock/James_Hallock_2.jpg
60957745@N00_identity_1/face_2.jpg
60957745@N00_identity_1/face_3.jpg
Carmen_Electra/Carmen_Electra_1.jpg
Carmen_Electra/Carmen_Electra_2.jpg
Hans_Blix/Hans_Blix_1.jpg
Hans_Blix/Hans_Blix_3.jpg
59703194@N00_identity_25/face_0.jpg
59703194@N00_identity_25/face_1.jpg
Jerry_Regier/Jerry_Regier_3.jpg
Jerry_Regier/Jerry_Regier_2.jpg
Ian_Wilmut/Ian_Wilmut_3.jpg
Ian_Wilmut/Ian_Wilmut_1.jpg
49231590@N07_identity_67/face_1.jpg
49231590@N07_identity_67/face_3.jpg
Michael_Haneke/Michael_Haneke_1.jpg
Jim_Jeffords/Jim_Jeffords_1.jpg
Jim_Jeffords/Jim_Jeffords_2.jpg
Marisa_Tomei/Marisa_Tomei_1.jpg
Marisa_Tomei/Marisa_Tomei_3.jpg
73753214@N00_identity_144/face_0.jpg
73753214@N00_identity_144/face_1.jpg
39528550@N02_identity_30/8678829188_0.jpg
39528550@N02_identity_30/8677721091_1.jpg
Maria_Luisa_Mendonca/Maria_Luisa_Mendonca_3.jpg
Maria_Luisa_Mendonca/Maria_Luisa_Mendonca_1.jpg
John_Franco/John_Franco_1.jpg
John_Franco/John_Franco_3.jpg
Jane_Walker_Wood/Jane_Walker_Wood_1.jpg
Jane_Walker_Wood/Jane_Walker_Wood_2.jpg
John_Belushi/John_Belushi_1.jpg
John_Belushi/John_Belushi_2.jpg
48400305@N08_identity_7/face_0.jpg
48400305@N08_identity_7/face_1.jpg
Jennifer_Connelly/Jennifer_Connelly_2.jpg
Jennifer_Connelly/Jennifer_Connelly_1.jpg
Melvin_Talbert/Melvin_Talbert_1.jpg
Melvin_Talbert/Melvin_Talbert_3.jpg
44446084@N08_identity_4/face_2.jpg
44446084@N08_identity_4/face_4.jpg
Armando_Calderon_Sol/Armando_Calderon_Sol_3.jpg
Armando_Calderon_Sol/Armando_Calderon_Sol_1.jpg
Carl_Levin/Carl_Levin_1.jpg
Carl_Levin/Carl_Levin_2.jpg
Jim_Zorn/Jim_Zorn_2.jpg
Jim_Zorn/Jim_Zorn_1.jpg
John_Malkovich/John_Malkovich_3.jpg
John_Malkovich/John_Malkovich_1.jpg
Dora_Bakoyianni/Dora_Bakoyianni_1.jpg
Ellen_DeGeneres/Ellen_DeGeneres_1.jpg
Ellen_DeGeneres/Ellen_DeGeneres_2.jpg
61443189@N05_identity_1/face_0.jpg
61443189@N05_identity_1/face_3.jpg
Bill_Richardson/Bill_Richardson_1.jpg
Bill_Richardson/Bill_Richardson_2.jpg
James_Murdoch/James_Murdoch_1.jpg
Augustin_Calleri/Augustin_Calleri_1.jpg
Augustin_Calleri/Augustin_Calleri_3.jpg
Hisao_Oguchi/Hisao_Oguchi_1.jpg
Hisao_Oguchi/Hisao_Oguchi_2.jpg
Anthony_Pico/Anthony_Pico_1.jpg
Anthony_Pico/Anthony_Pico_2.jpg
Don_Carcieri/Don_Carcieri_3.jpg
Don_Carcieri/Don_Carcieri_1.jpg
Ivana_Trump/Ivana_Trump_2.jpg
Ivana_Trump/Ivana_Trump_1.jpg
48023397@N07_identity_27/face_0.jpg
48023397@N07_identity_27/face_1.jpg
Emma_Watson/Emma_Watson_3.jpg
Emma_Watson/Emma_Watson_1.jpg
Akmal_Taher/Akmal_Taher_1.jpg
Akmal_Taher/Akmal_Taher_2.jpg
Juergen_Chrobog/Juergen_Chrobog_2.jpg
Juergen_Chrobog/Juergen_Chrobog_1.jpg
Allyson_Felix/Allyson_Felix_2.jpg
Allyson_Felix/Allyson_Felix_1.jpg
Ian_Huntley/Ian_Huntley_1.jpg
Ian_Huntley/Ian_Huntley_2.jpg
Julie_Goodenough/Julie_Goodenough_2.jpg
Julie_Goodenough/Julie_Goodenough_1.jpg
42314082@N02_identity_34/face_4.jpg
Colin_Campbell/Colin_Campbell_1.jpg
Colin_Campbell/Colin_Campbell_3.jpg
Edward_Lu/Edward_Lu_1.jpg
Edward_Lu/Edward_Lu_2.jpg
49503066292@N01_identity_9/face_0.jpg
49503066292@N01_identity_9/face_2.jpg
50627892@N06_identity_7/face_0.jpg
50627892@N06_identity_7/face_2.jpg
40336756@N03_identity_0/face_5.jpg
40336756@N03_identity_0/face_2.jpg
Anna_Kournikova/Anna_Kournikova_1.jpg
Anna_Kournikova/Anna_Kournikova_2.jpg
Faisal_Iqbal/Faisal_Iqbal_2.jpg
Faisal_Iqbal/Faisal_Iqbal_1.jpg
Kenneth_Brill/Kenneth_Brill_2.jpg
Kenneth_Brill/Kenneth_Brill_1.jpg
Khum_Bahadur_Khadka/Khum_Bahadur_Khadka_3.jpg
Khum_Bahadur_Khadka/Khum_Bahadur_Khadka_2.jpg
65954261@N00_identity_111/face_0.jpg
Ashley_Judd/Ashley_Judd_3.jpg
Ashley_Judd/Ashley_Judd_2.jpg
Jon_Gruden/Jon_Gruden_2.jpg
Jon_Gruden/Jon_Gruden_1.jpg
Art_Howe/Art_Howe_2.jpg
Art_Howe/Art_Howe_1.jpg
Edouard_Michelin/Edouard_Michelin_1.jpg
Edouard_Michelin/Edouard_Michelin_3.jpg
Ludwig_Ovalle/Ludwig_Ovalle_1.jpg
Ludwig_Ovalle/Ludwig_Ovalle_2.jpg
40288584@N03_identity_38/face_2.jpg
40288584@N03_identity_38/face_1.jpg
44124452748@N01_identity_15/face_0.jpg
44124452748@N01_identity_15/face_1.jpg
50510658@N04_identity_163/face_0.jpg
50510658@N04_identity_163/face_1.jpg
Joe_Pantoliano/Joe_Pantoliano_1.jpg
Joe_Pantoliano/Joe_Pantoliano_2.jpg
51272979@N00_identity_6/face_2.jpg
51272979@N00_identity_6/face_1.jpg
Allen_Rock/Allen_Rock_1.jpg
Allen_Rock/Allen_Rock_2.jpg
49675617@N05_identity_6/face_0.jpg
49675617@N05_identity_6/face_2.jpg
65151974@N05_identity_0/face_0.jpg
65151974@N05_identity_0/face_1.jpg
Doug_Christie/Doug_Christie_1.jpg
Doug_Christie/Doug_Christie_2.jpg
49675617@N05_identity_5/face_2.jpg
49675617@N05_identity_5/face_1.jpg
62178046@N03_identity_4/face_2.jpg
62178046@N03_identity_4/face_1.jpg
Irene_Kahn/Irene_Kahn_3.jpg
Irene_Kahn/Irene_Kahn_1.jpg
Barzan_al-Tikriti/Barzan_al-Tikriti_3.jpg
Barzan_al-Tikriti/Barzan_al-Tikriti_1.jpg
Dick_Armey/Dick_Armey_3.jpg
Dick_Armey/Dick_Armey_1.jpg
Boris_Jordan/Boris_Jordan_1.jpg
Boris_Jordan/Boris_Jordan_2.jpg
Mikulas_Dzurinda/Mikulas_Dzurinda_1.jpg
Mikulas_Dzurinda/Mikulas_Dzurinda_2.jpg
49503000548@N01_identity_36/face_2.jpg
49503000548@N01_identity_36/face_3.jpg
75022701@N00_identity_7/face_0.jpg
75022701@N00_identity_7/face_2.jpg
63183521@N00_identity_5/face_0.jpg
65954261@N00_identity_110/face_0.jpg
65954261@N00_identity_110/face_2.jpg
7347877@N02_identity_47/face_2.jpg
7347877@N02_identity_47/face_1.jpg
John_Scarlett/John_Scarlett_1.jpg
John_Scarlett/John_Scarlett_3.jpg
64103235@N00_identity_5/face_0.jpg
64103235@N00_identity_5/face_2.jpg
John_Paul_DeJoria/John_Paul_DeJoria_1.jpg
John_Paul_DeJoria/John_Paul_DeJoria_2.jpg
Gina_Torres/Gina_Torres_1.jpg
Gina_Torres/Gina_Torres_2.jpg
Larry_Brown/Larry_Brown_1.jpg
Jim_Greenwood/Jim_Greenwood_1.jpg
Jim_Greenwood/Jim_Greenwood_2.jpg
Kjell_Magne_Bondevik/Kjell_Magne_Bondevik_2.jpg
Kjell_Magne_Bondevik/Kjell_Magne_Bondevik_1.jpg
40522226@N03_identity_0/face_0.jpg
40522226@N03_identity_0/face_2.jpg
Brock_Berlin/Brock_Berlin_2.jpg
Brock_Berlin/Brock_Berlin_1.jpg
41571758@N02_identity_195/face_5.jpg
41571758@N02_identity_195/face_6.jpg
John_Reid/John_Reid_1.jpg
John_Reid/John_Reid_3.jpg
Chip_Burrus/Chip_Burrus_2.jpg
Chip_Burrus/Chip_Burrus_1.jpg
Martin_Keown/Martin_Keown_1.jpg
Martin_Keown/Martin_Keown_3.jpg
Joe_Glover/Joe_Glover_2.jpg
Joe_Glover/Joe_Glover_1.jpg
Daryl_Parks/Daryl_Parks_1.jpg
Daryl_Parks/Daryl_Parks_3.jpg
Mark_Shapiro/Mark_Shapiro_1.jpg
Mark_Shapiro/Mark_Shapiro_2.jpg
Alanis_Morissette/Alanis_Morissette_2.jpg
Alanis_Morissette/Alanis_Morissette_1.jpg
46281906@N07_identity_5/face_0.jpg
46281906@N07_identity_5/face_3.jpg
Guillermo_Ruiz_Polanco/Guillermo_Ruiz_Polanco_2.jpg
Guillermo_Ruiz_Polanco/Guillermo_Ruiz_Polanco_1.jpg
Maria_Wetterstrand/Maria_Wetterstrand_2.jpg
Maria_Wetterstrand/Maria_Wetterstrand_1.jpg
Alexander_Downer/Alexander_Downer_1.jpg
Alexander_Downer/Alexander_Downer_2.jpg
John_Elway/John_Elway_3.jpg
John_Elway/John_Elway_1.jpg
Akiko_Morigami/Akiko_Morigami_1.jpg
Akiko_Morigami/Akiko_Morigami_2.jpg
63303066@N00_identity_20/face_1.jpg
63303066@N00_identity_20/face_3.jpg
66327609@N00_identity_62/face_2.jpg
66327609@N00_identity_62/face_3.jpg
Aicha_El_Ouafi/Aicha_El_Ouafi_1.jpg
Aicha_El_Ouafi/Aicha_El_Ouafi_3.jpg
Linus_Roache/Linus_Roache_1.jpg
Linus_Roache/Linus_Roache_2.jpg
Kevin_Spacey/Kevin_Spacey_1.jpg
Kevin_Spacey/Kevin_Spacey_3.jpg
Gael_Garcia_Bermal/Gael_Garcia_Bermal_2.jpg
Gael_Garcia_Bermal/Gael_Garcia_Bermal_1.jpg
Kit_Bond/Kit_Bond_2.jpg
Kit_Bond/Kit_Bond_1.jpg
57615489@N02_identity_32/face_2.jpg
57615489@N02_identity_32/face_1.jpg
45349448@N00_identity_41/face_4.jpg
45349448@N00_identity_41/face_1.jpg
Brittany_Snow/Brittany_Snow_3.jpg
Brittany_Snow/Brittany_Snow_1.jpg
Don_Nickles/Don_Nickles_1.jpg
Don_Nickles/Don_Nickles_2.jpg
Kyoko_Nakayama/Kyoko_Nakayama_1.jpg
Kyoko_Nakayama/Kyoko_Nakayama_3.jpg
Bo_Ryan/Bo_Ryan_2.jpg
Bo_Ryan/Bo_Ryan_1.jpg
58478669@N02_identity_2/face_0.jpg
58478669@N02_identity_2/face_2.jpg
Javier_Solana/Javier_Solana_1.jpg
Javier_Solana/Javier_Solana_3.jpg
Carol_Moseley_Braun/Carol_Moseley_Braun_2.jpg
Carol_Moseley_Braun/Carol_Moseley_Braun_1.jpg
42857169@N00_identity_28/face_2.jpg
42857169@N00_identity_28/face_3.jpg
Benicio_Del_Toro/Benicio_Del_Toro_2.jpg
Benicio_Del_Toro/Benicio_Del_Toro_1.jpg
Hitoshi_Tanaka/Hitoshi_Tanaka_2.jpg
Hitoshi_Tanaka/Hitoshi_Tanaka_1.jpg
Lech_Walesa/Lech_Walesa_1.jpg
Lech_Walesa/Lech_Walesa_2.jpg
40037997@N02_identity_21/face_2.jpg
40037997@N02_identity_21/face_1.jpg
65006780@N00_identity_1/face_2.jpg
65006780@N00_identity_1/face_4.jpg
Kenneth_Branagh/Kenneth_Branagh_2.jpg
Kenneth_Branagh/Kenneth_Branagh_1.jpg
48023397@N07_identity_26/face_2.jpg
48023397@N07_identity_26/face_12.jpg
75408070@N06_identity_56/face_0.jpg
Eduard_Limonov/Eduard_Limonov_2.jpg
Eduard_Limonov/Eduard_Limonov_1.jpg
Alexis_Bledel/Alexis_Bledel_2.jpg
Alexis_Bledel/Alexis_Bledel_3.jpg
Alex_Gonzalez/Alex_Gonzalez_1.jpg
Alex_Gonzalez/Alex_Gonzalez_2.jpg
7527824@N04_identity_8/face_0.jpg
7527824@N04_identity_8/face_1.jpg
Mike_Miller/Mike_Miller_2.jpg
Mike_Miller/Mike_Miller_1.jpg
50936160@N03_identity_63/face_2.jpg
50936160@N03_identity_63/face_1.jpg
63183521@N00_identity_4/face_6.jpg
63183521@N00_identity_4/face_3.jpg
54432200@N00_identity_11/face_2.jpg
54432200@N00_identity_11/face_3.jpg
62874965@N00_identity_4/face_2.jpg
62874965@N00_identity_4/face_1.jpg
Hitoshi_Oshitani/Hitoshi_Oshitani_1.jpg
Hitoshi_Oshitani/Hitoshi_Oshitani_2.jpg
Alastair_Campbell/Alastair_Campbell_3.jpg
Alastair_Campbell/Alastair_Campbell_1.jpg
Mohammed_Al_Hindi/Mohammed_Al_Hindi_1.jpg
Mohammed_Al_Hindi/Mohammed_Al_Hindi_2.jpg
59174646@N02_identity_64/face_2.jpg
59174646@N02_identity_64/face_1.jpg
Hillary_Clinton/Hillary_Clinton_1.jpg
Hillary_Clinton/Hillary_Clinton_2.jpg
John_Sununu/John_Sununu_3.jpg
John_Sununu/John_Sununu_2.jpg
48973657@N00_identity_4/face_0.jpg
48973657@N00_identity_4/face_3.jpg
Alicia_Keys/Alicia_Keys_2.jpg
Alicia_Keys/Alicia_Keys_1.jpg
John_Thune/John_Thune_3.jpg
John_Thune/John_Thune_2.jpg
Hank_McKinnell/Hank_McKinnell_1.jpg
Hank_McKinnell/Hank_McKinnell_2.jpg
54663113@N05_identity_2/face_2.jpg
54663113@N05_identity_2/face_1.jpg
Andy_Bryant/Andy_Bryant_3.jpg
Andy_Bryant/Andy_Bryant_1.jpg
Howard_Dean/Howard_Dean_3.jpg
Howard_Dean/Howard_Dean_1.jpg
49609463@N05_identity_33/face_0.jpg
49609463@N05_identity_33/face_1.jpg
39329780@N07_identity_26/face_2.jpg
39329780@N07_identity_26/face_1.jpg
61801782@N07_identity_38/9978545995_1.jpg
61801782@N07_identity_38/9978484006_4.jpg
Lou_Lang/Lou_Lang_2.jpg
Lou_Lang/Lou_Lang_1.jpg
Mohamed_ElBaradei/Mohamed_ElBaradei_1.jpg
Mohamed_ElBaradei/Mohamed_ElBaradei_2.jpg
Jim_Bunning/Jim_Bunning_1.jpg
Jim_Bunning/Jim_Bunning_2.jpg
62248423@N08_identity_150/face_0.jpg
49503048699@N01_identity_0/face_2.jpg
49503048699@N01_identity_0/face_3.jpg
Kelli_White/Kelli_White_3.jpg
Kelli_White/Kelli_White_1.jpg
Diego_Armando_Maradona/Diego_Armando_Maradona_3.jpg
Diego_Armando_Maradona/Diego_Armando_Maradona_1.jpg
60150763@N05_identity_10/face_2.jpg
60150763@N05_identity_10/face_1.jpg
Alex_Corretja/Alex_Corretja_3.jpg
Alex_Corretja/Alex_Corretja_1.jpg
Luis_Figo/Luis_Figo_3.jpg
Luis_Figo/Luis_Figo_1.jpg
48227280@N00_identity_2/face_0.jpg
48227280@N00_identity_2/face_1.jpg
Li_Peng/Li_Peng_1.jpg
Li_Peng/Li_Peng_2.jpg
41762867@N04_identity_3/face_2.jpg
41762867@N04_identity_3/face_1.jpg
43282450@N00_identity_2/face_1.jpg
43282450@N00_identity_2/face_3.jpg
Kate_Capshaw/Kate_Capshaw_1.jpg
Kate_Capshaw/Kate_Capshaw_3.jpg
59504749@N00_identity_230/face_2.jpg
59504749@N00_identity_230/face_4.jpg
Gary_Bauer/Gary_Bauer_2.jpg
Gary_Bauer/Gary_Bauer_1.jpg
Mohammed_Baqir_al-Hakim/Mohammed_Baqir_al-Hakim_2.jpg
Mohammed_Baqir_al-Hakim/Mohammed_Baqir_al-Hakim_1.jpg
Ari_Fleischer/Ari_Fleischer_2.jpg
Ari_Fleischer/Ari_Fleischer_1.jpg
56152964@N07_identity_1/face_2.jpg
56152964@N07_identity_1/face_4.jpg
Anastasia_Kelesidou/Anastasia_Kelesidou_3.jpg
Anastasia_Kelesidou/Anastasia_Kelesidou_1.jpg
Mohammad_Mustapha_Miro/Mohammad_Mustapha_Miro_3.jpg
Mohammad_Mustapha_Miro/Mohammad_Mustapha_Miro_1.jpg
39608943@N00_identity_4/face_2.jpg
39608943@N00_identity_4/face_3.jpg
Alanna_Ubach/Alanna_Ubach_2.jpg
Alanna_Ubach/Alanna_Ubach_1.jpg
Britney_Spears/Britney_Spears_1.jpg
Britney_Spears/Britney_Spears_3.jpg
Dan_Morales/Dan_Morales_1.jpg
Dan_Morales/Dan_Morales_2.jpg
Mike_Davis/Mike_Davis_2.jpg
Mike_Davis/Mike_Davis_1.jpg
46473296@N02_identity_15/face_2.jpg
46473296@N02_identity_15/face_1.jpg
Inam-ul-Haq/Inam-ul-Haq_1.jpg
Inam-ul-Haq/Inam-ul-Haq_2.jpg
44124425616@N01_identity_7/face_2.jpg
44124425616@N01_identity_7/face_4.jpg
Michael_Adams/Michael_Adams_3.jpg
Michael_Adams/Michael_Adams_1.jpg
Michael_Michele/Michael_Michele_2.jpg
Michael_Michele/Michael_Michele_3.jpg
49543572@N04_identity_0/face_2.jpg
49543572@N04_identity_0/face_1.jpg
52165061@N07_identity_1/face_0.jpg
52165061@N07_identity_1/face_1.jpg
Mike_Easley/Mike_Easley_1.jpg
Mike_Easley/Mike_Easley_2.jpg
54971823@N00_identity_82/face_0.jpg
54971823@N00_identity_82/face_3.jpg
60781728@N00_identity_28/face_0.jpg
60781728@N00_identity_28/face_2.jpg
42314082@N02_identity_38/face_1.jpg
42314082@N02_identity_38/face_3.jpg
Heather_Whitestone_McCallum/Heather_Whitestone_McCallum_2.jpg
Heather_Whitestone_McCallum/Heather_Whitestone_McCallum_1.jpg
50687522@N00_identity_3/face_0.jpg
50687522@N00_identity_3/face_3.jpg
Mike_Helton/Mike_Helton_2.jpg
Mike_Helton/Mike_Helton_1.jpg
Mark_Philippoussis/Mark_Philippoussis_3.jpg
Mark_Philippoussis/Mark_Philippoussis_1.jpg
41284017@N08_identity_108/face_0.jpg
41284017@N08_identity_108/face_1.jpg
39837660@N00_identity_3/face_0.jpg
39837660@N00_identity_3/face_3.jpg
Dieter_Zetsche/Dieter_Zetsche_3.jpg
Dieter_Zetsche/Dieter_Zetsche_1.jpg
Minnie_Mendoza/Minnie_Mendoza_1.jpg
Minnie_Mendoza/Minnie_Mendoza_3.jpg
Carlton_Dotson/Carlton_Dotson_1.jpg
Carlton_Dotson/Carlton_Dotson_3.jpg
Eric_Bana/Eric_Bana_3.jpg
Eric_Bana/Eric_Bana_1.jpg
40642065@N06_identity_7/face_0.jpg
40642065@N06_identity_7/face_2.jpg
54156610@N04_identity_54/face_4.jpg
54156610@N04_identity_54/face_3.jpg
Edmund_Stoiber/Edmund_Stoiber_2.jpg
Edmund_Stoiber/Edmund_Stoiber_1.jpg
Franz_Muentefering/Franz_Muentefering_1.jpg
Franz_Muentefering/Franz_Muentefering_3.jpg
42798669@N00_identity_9/face_0.jpg
42798669@N00_identity_9/face_2.jpg
Alan_Tang_Kwong-wing/Alan_Tang_Kwong-wing_1.jpg
Alan_Tang_Kwong-wing/Alan_Tang_Kwong-wing_2.jpg
47635928@N00_identity_0/8217769817_4.jpg
47635928@N00_identity_0/8218659090_9.jpg
Janica_Kostelic/Janica_Kostelic_2.jpg
Janica_Kostelic/Janica_Kostelic_1.jpg
Bill_Carmody/Bill_Carmody_2.jpg
Bill_Carmody/Bill_Carmody_1.jpg
John_Blaney/John_Blaney_1.jpg
John_Blaney/John_Blaney_2.jpg
Bonnie_Hunt/Bonnie_Hunt_1.jpg
Bonnie_Hunt/Bonnie_Hunt_2.jpg
Martin_Verkerk/Martin_Verkerk_1.jpg
Martin_Verkerk/Martin_Verkerk_2.jpg
51229197@N00_identity_78/face_0.jpg
51229197@N00_identity_78/face_2.jpg
John_Bolton/John_Bolton_1.jpg
John_Bolton/John_Bolton_2.jpg
Anatoliy_Kinakh/Anatoliy_Kinakh_1.jpg
Anatoliy_Kinakh/Anatoliy_Kinakh_3.jpg
Jason_Petty/Jason_Petty_1.jpg
Jason_Petty/Jason_Petty_2.jpg
58478669@N02_identity_4/6986642314_0.jpg
58478669@N02_identity_4/6959762316_0.jpg
45349448@N00_identity_44/face_0.jpg
45349448@N00_identity_44/face_1.jpg
Barry_Alvarez/Barry_Alvarez_3.jpg
Barry_Alvarez/Barry_Alvarez_1.jpg
Juergen_Schrempp/Juergen_Schrempp_1.jpg
Juergen_Schrempp/Juergen_Schrempp_3.jpg
Eva_Mendes/Eva_Mendes_1.jpg
Kate_Hudson/Kate_Hudson_2.jpg
Kate_Hudson/Kate_Hudson_1.jpg
Ed_Sullivan/Ed_Sullivan_2.jpg
Ed_Sullivan/Ed_Sullivan_1.jpg
Franz_Fischler/Franz_Fischler_3.jpg
Franz_Fischler/Franz_Fischler_2.jpg
Brandon_Lloyd/Brandon_Lloyd_1.jpg
Brandon_Lloyd/Brandon_Lloyd_2.jpg
60150763@N05_identity_17/face_1.jpg
60150763@N05_identity_17/face_3.jpg
42882844@N06_identity_2/face_2.jpg
42882844@N06_identity_2/face_1.jpg
42433936@N00_identity_11/face_0.jpg
42433936@N00_identity_11/face_2.jpg
Alexander_Losyukov/Alexander_Losyukov_1.jpg
Alexander_Losyukov/Alexander_Losyukov_3.jpg
Marco_Archer_Cardoso_Moreira/Marco_Archer_Cardoso_Moreira_1.jpg
Marco_Archer_Cardoso_Moreira/Marco_Archer_Cardoso_Moreira_2.jpg
Dennis_Franchione/Dennis_Franchione_3.jpg
Dennis_Franchione/Dennis_Franchione_1.jpg
Chelsea_Clinton/Chelsea_Clinton_1.jpg
Chelsea_Clinton/Chelsea_Clinton_2.jpg
42857169@N00_identity_24/200259969_3.jpg
42857169@N00_identity_24/200243038_6.jpg
61236378@N00_identity_8/face_0.jpg
61236378@N00_identity_8/face_1.jpg
Brian_Heidik/Brian_Heidik_2.jpg
Brian_Heidik/Brian_Heidik_1.jpg
46329816@N02_identity_89/face_0.jpg
46329816@N02_identity_89/face_4.jpg
Guy_Hemmings/Guy_Hemmings_3.jpg
Guy_Hemmings/Guy_Hemmings_1.jpg
Jane_Clayson/Jane_Clayson_3.jpg
Jane_Clayson/Jane_Clayson_1.jpg
68185014@N00_identity_70/face_0.jpg
68185014@N00_identity_70/face_2.jpg
44124401707@N01_identity_4/face_1.jpg
44124401707@N01_identity_4/face_3.jpg
46920115@N03_identity_18/face_0.jpg
46920115@N03_identity_18/face_1.jpg
38877015@N03_identity_3/6235501008_1.jpg
Laurence_Tribe/Laurence_Tribe_1.jpg
Laurence_Tribe/Laurence_Tribe_3.jpg
Bernard_Giraudeau/Bernard_Giraudeau_1.jpg
Bernard_Giraudeau/Bernard_Giraudeau_3.jpg
Kathy_Baker/Kathy_Baker_1.jpg
Kathy_Baker/Kathy_Baker_3.jpg
43886213@N04_identity_59/face_7.jpg
43886213@N04_identity_59/face_0.jpg
George_Papandreou/George_Papandreou_2.jpg
George_Papandreou/George_Papandreou_1.jpg
Dai_Bachtiar/Dai_Bachtiar_2.jpg
Dai_Bachtiar/Dai_Bachtiar_1.jpg
Joe_Mantegna/Joe_Mantegna_2.jpg
Joe_Mantegna/Joe_Mantegna_1.jpg
62932265@N04_identity_5/face_2.jpg
62932265@N04_identity_5/face_1.jpg
Carlos_Salinas/Carlos_Salinas_2.jpg
Carlos_Salinas/Carlos_Salinas_1.jpg
Michael_Brandon/Michael_Brandon_1.jpg
Michael_Brandon/Michael_Brandon_2.jpg
Gary_Gitnick/Gary_Gitnick_2.jpg
Gary_Gitnick/Gary_Gitnick_1.jpg
41762867@N04_identity_9/face_2.jpg
41762867@N04_identity_9/face_6.jpg
Brian_Gregory/Brian_Gregory_2.jpg
Brian_Gregory/Brian_Gregory_1.jpg
Hitomi_Soga/Hitomi_Soga_1.jpg
Hitomi_Soga/Hitomi_Soga_2.jpg
Luis_Guzman/Luis_Guzman_1.jpg
Luis_Guzman/Luis_Guzman_2.jpg
Catherine_Zeta_Jones/Catherine_Zeta_Jones_3.jpg
Catherine_Zeta_Jones/Catherine_Zeta_Jones_1.jpg
Gary_Condit/Gary_Condit_3.jpg
Gary_Condit/Gary_Condit_1.jpg
David_Eldon/David_Eldon_1.jpg
David_Eldon/David_Eldon_2.jpg
Lily_Tomlin/Lily_Tomlin_1.jpg
Lily_Tomlin/Lily_Tomlin_3.jpg
Jacqueline_Gold/Jacqueline_Gold_2.jpg
Jacqueline_Gold/Jacqueline_Gold_1.jpg
41413627@N05_identity_2/face_4.jpg
41413627@N05_identity_2/face_3.jpg
Jason_Campbell/Jason_Campbell_1.jpg
53180277@N06_identity_45/7047311321_1.jpg
53180277@N06_identity_45/7047308627_0.jpg
Jean-Claude_Trichet/Jean-Claude_Trichet_1.jpg
Jean-Claude_Trichet/Jean-Claude_Trichet_2.jpg
Aung_San_Suu_Kyi/Aung_San_Suu_Kyi_2.jpg
Aung_San_Suu_Kyi/Aung_San_Suu_Kyi_1.jpg
50642338@N00_identity_72/face_0.jpg
50642338@N00_identity_72/face_2.jpg
Mary_Robinson/Mary_Robinson_2.jpg
Mary_Robinson/Mary_Robinson_1.jpg
61278617@N02_identity_3/face_2.jpg
61278617@N02_identity_3/face_1.jpg
59707291@N03_identity_33/face_2.jpg
59707291@N03_identity_33/face_1.jpg
Jacob_Frenkel/Jacob_Frenkel_2.jpg
Jacob_Frenkel/Jacob_Frenkel_1.jpg
40773692@N06_identity_1/face_5.jpg
40773692@N06_identity_1/face_0.jpg
40642065@N06_identity_10/face_0.jpg
40642065@N06_identity_10/face_3.jpg
Herb_Sendek/Herb_Sendek_1.jpg
Herb_Sendek/Herb_Sendek_2.jpg
Emmit_Smith/Emmit_Smith_2.jpg
Emmit_Smith/Emmit_Smith_1.jpg
Janez_Drnovsek/Janez_Drnovsek_2.jpg
Janez_Drnovsek/Janez_Drnovsek_1.jpg
Farouk_al-Sharaa/Farouk_al-Sharaa_2.jpg
Farouk_al-Sharaa/Farouk_al-Sharaa_1.jpg
Matthew_McConaughey/Matthew_McConaughey_1.jpg
Matthew_McConaughey/Matthew_McConaughey_2.jpg
66985807@N00_identity_12/face_4.jpg
66985807@N00_identity_12/face_1.jpg
Karen_Sharpe_Kramer/Karen_Sharpe_Kramer_1.jpg
Karen_Sharpe_Kramer/Karen_Sharpe_Kramer_2.jpg
Joseph_Estrada/Joseph_Estrada_2.jpg
Joseph_Estrada/Joseph_Estrada_1.jpg
Masao_Azuma/Masao_Azuma_1.jpg
Masao_Azuma/Masao_Azuma_2.jpg
7527824@N04_identity_2/face_0.jpg
7527824@N04_identity_2/face_1.jpg
58478669@N02_identity_7/face_0.jpg
58478669@N02_identity_7/face_3.jpg
48227280@N00_identity_0/face_2.jpg
48227280@N00_identity_0/face_3.jpg
Hu_Jintao/Hu_Jintao_2.jpg
Hu_Jintao/Hu_Jintao_1.jpg
7181739@N05_identity_39/face_2.jpg
7181739@N05_identity_39/face_1.jpg
51640646@N04_identity_130/face_2.jpg
51640646@N04_identity_130/face_1.jpg
Chung_Mong-joon/Chung_Mong-joon_1.jpg
Chung_Mong-joon/Chung_Mong-joon_3.jpg
45349448@N00_identity_46/face_2.jpg
45349448@N00_identity_46/face_1.jpg
53361740@N00_identity_4/face_2.jpg
53361740@N00_identity_4/face_1.jpg
59774439@N07_identity_4/face_4.jpg
59774439@N07_identity_4/face_3.jpg
63832203@N03_identity_1/face_5.jpg
63832203@N03_identity_1/face_2.jpg
47876943@N07_identity_17/face_2.jpg
47876943@N07_identity_17/face_4.jpg
59774439@N07_identity_1/face_0.jpg
59774439@N07_identity_1/face_1.jpg
Christina_Sawaya/Christina_Sawaya_2.jpg
Christina_Sawaya/Christina_Sawaya_1.jpg
42598508@N00_identity_3/face_7.jpg
42598508@N00_identity_3/face_0.jpg
David_Stern/David_Stern_3.jpg
David_Stern/David_Stern_1.jpg
62178046@N03_identity_0/5659647985_0.jpg
62178046@N03_identity_0/5659859718_0.jpg
David_Gest/David_Gest_1.jpg
David_Gest/David_Gest_2.jpg
Matt_LeBlanc/Matt_LeBlanc_2.jpg
Matt_LeBlanc/Matt_LeBlanc_1.jpg
46920115@N03_identity_15/face_2.jpg
46920115@N03_identity_15/face_1.jpg
Derek_Jeter/Derek_Jeter_1.jpg
Derek_Jeter/Derek_Jeter_2.jpg
48902377@N08_identity_8/face_0.jpg
48902377@N08_identity_8/face_1.jpg
Matt_Anderson/Matt_Anderson_1.jpg
Matt_Anderson/Matt_Anderson_2.jpg
Gideon_Yago/Gideon_Yago_2.jpg
Gideon_Yago/Gideon_Yago_3.jpg
Jennifer_Love_Hewitt/Jennifer_Love_Hewitt_1.jpg
Jennifer_Love_Hewitt/Jennifer_Love_Hewitt_3.jpg
Lucia_Kenny_Anthony/Lucia_Kenny_Anthony_2.jpg
Lucia_Kenny_Anthony/Lucia_Kenny_Anthony_1.jpg
Dave_Williams/Dave_Williams_2.jpg
Dave_Williams/Dave_Williams_1.jpg
59485410@N07_identity_1/face_2.jpg
59485410@N07_identity_1/face_4.jpg
Gerrit_Zalm/Gerrit_Zalm_1.jpg
Cesar_Maia/Cesar_Maia_2.jpg
Cesar_Maia/Cesar_Maia_1.jpg
Derek_Bond/Derek_Bond_1.jpg
Derek_Bond/Derek_Bond_2.jpg
Faye_Wong/Faye_Wong_2.jpg
Faye_Wong/Faye_Wong_1.jpg
Donny_Osmond/Donny_Osmond_2.jpg
Donny_Osmond/Donny_Osmond_1.jpg
Leticia_Van_de_Putte/Leticia_Van_de_Putte_1.jpg
Leticia_Van_de_Putte/Leticia_Van_de_Putte_2.jpg
Morgan_Fairchild/Morgan_Fairchild_1.jpg
Morgan_Fairchild/Morgan_Fairchild_3.jpg
Debra_Yang/Debra_Yang_1.jpg
Debra_Yang/Debra_Yang_2.jpg
Chris_Rock/Chris_Rock_3.jpg
Chris_Rock/Chris_Rock_1.jpg
Lisa_Leslie/Lisa_Leslie_1.jpg
Lisa_Leslie/Lisa_Leslie_3.jpg
Hubert_Green/Hubert_Green_1.jpg
65947802@N00_identity_15/face_4.jpg
65947802@N00_identity_15/face_3.jpg
Dragan_Covic/Dragan_Covic_1.jpg
Dragan_Covic/Dragan_Covic_2.jpg
Fabricio_Oberto/Fabricio_Oberto_1.jpg
Fabricio_Oberto/Fabricio_Oberto_2.jpg
Claire_Tomalin/Claire_Tomalin_1.jpg
Claire_Tomalin/Claire_Tomalin_2.jpg
46506950@N04_identity_42/face_2.jpg
46506950@N04_identity_42/face_3.jpg
64217681@N08_identity_28/face_0.jpg
64217681@N08_identity_28/face_1.jpg
Michael_Piuze/Michael_Piuze_1.jpg
Michael_Piuze/Michael_Piuze_3.jpg
60644847@N00_identity_10/face_2.jpg
60644847@N00_identity_10/face_3.jpg
55351535@N00_identity_5/face_0.jpg
55351535@N00_identity_5/face_2.jpg
49798735@N00_identity_35/face_7.jpg
49798735@N00_identity_35/face_1.jpg
Enrica_Fico/Enrica_Fico_3.jpg
Enrica_Fico/Enrica_Fico_1.jpg
Matt_Doherty/Matt_Doherty_3.jpg
Matt_Doherty/Matt_Doherty_1.jpg
Eric_Shinseki/Eric_Shinseki_1.jpg
Eric_Shinseki/Eric_Shinseki_2.jpg
Kevin_Keegan/Kevin_Keegan_1.jpg
Kevin_Keegan/Kevin_Keegan_2.jpg
Amy_Yasbeck/Amy_Yasbeck_1.jpg
Chris_Noth/Chris_Noth_1.jpg
Chris_Noth/Chris_Noth_3.jpg
Jennette_Bradley/Jennette_Bradley_1.jpg
Jennette_Bradley/Jennette_Bradley_2.jpg
Aparna_Pillai/Aparna_Pillai_3.jpg
Aparna_Pillai/Aparna_Pillai_1.jpg
George_Gregan/George_Gregan_2.jpg
George_Gregan/George_Gregan_1.jpg
Mike_Montgomery/Mike_Montgomery_3.jip.jpg
Mike_Montgomery/Mike_Montgomery_1.jpg
Anton_Balasingham/Anton_Balasingham_1.jpg
Anton_Balasingham/Anton_Balasingham_3.jpg
John_Howard/John_Howard_2.jpg
John_Howard/John_Howard_1.jpg
47096145@N00_identity_1/face_4.jpg
47096145@N00_identity_1/face_1.jpg
James_Cunningham/James_Cunningham_2.jpg
James_Cunningham/James_Cunningham_1.jpg
45204925@N06_identity_36/face_2.jpg
45204925@N06_identity_36/face_1.jpg
47011911@N05_identity_11/face_2.jpg
47011911@N05_identity_11/face_1.jpg
60908467@N02_identity_0/face_5.jpg
60908467@N02_identity_0/face_4.jpg
Fernando_Sanz/Fernando_Sanz_2.jpg
Fernando_Sanz/Fernando_Sanz_1.jpg
James_Gibson/James_Gibson_1.jpg
James_Gibson/James_Gibson_2.jpg
Butch_Davis/Butch_Davis_1.jpg
Butch_Davis/Butch_Davis_2.jpg
Miguel_Rosseto/Miguel_Rosseto_1.jpg
Miguel_Rosseto/Miguel_Rosseto_2.jpg
57991409@N00_identity_3/face_0.jpg
57991409@N00_identity_3/face_1.jpg
Condoleezza_Rice/Condoleezza_Rice_1.jpg
Condoleezza_Rice/Condoleezza_Rice_3.jpg
Kimora_Lee/Kimora_Lee_2.jpg
Kimora_Lee/Kimora_Lee_1.jpg
Itzhak_Perlman/Itzhak_Perlman_2.jpg
Itzhak_Perlman/Itzhak_Perlman_1.jpg
Amer_al-Saadi/Amer_al-Saadi_1.jpg
Amer_al-Saadi/Amer_al-Saadi_2.jpg
Gerry_Kelly/Gerry_Kelly_1.jpg
Gerry_Kelly/Gerry_Kelly_2.jpg
49475364@N00_identity_58/face_0.jpg
49475364@N00_identity_58/face_2.jpg
Anders_Ebbeson/Anders_Ebbeson_3.jpg
Anders_Ebbeson/Anders_Ebbeson_1.jpg
Bobby_Kielty/Bobby_Kielty_1.jpg
Bobby_Kielty/Bobby_Kielty_2.jpg
39006711@N00_identity_43/9454664068_1.jpg
39006711@N00_identity_43/8444267821_3.jpg
7562944@N06_identity_23/face_2.jpg
7562944@N06_identity_23/face_3.jpg
Ekke_Hard_Forberg/Ekke_Hard_Forberg_2.jpg
Ekke_Hard_Forberg/Ekke_Hard_Forberg_1.jpg
Michael_Frayn/Michael_Frayn_1.jpg
Michael_Frayn/Michael_Frayn_3.jpg
David_Rivkin_Jr/David_Rivkin_Jr_1.jpg
David_Rivkin_Jr/David_Rivkin_Jr_3.jpg
Eli_Broad/Eli_Broad_1.jpg
Eli_Broad/Eli_Broad_2.jpg
Geoffrey_Rush/Geoffrey_Rush_1.jpg
Geoffrey_Rush/Geoffrey_Rush_3.jpg
Dan_Dickau/Dan_Dickau_3.jpg
Dan_Dickau/Dan_Dickau_1.jpg
Kay_Bailey_Hutchison/Kay_Bailey_Hutchison_1.jpg
Kay_Bailey_Hutchison/Kay_Bailey_Hutchison_3.jpg
Bob_Huggins/Bob_Huggins_2.jpg
Bob_Huggins/Bob_Huggins_1.jpg
Keith_Urban/Keith_Urban_2.jpg
Keith_Urban/Keith_Urban_1.jpg
44124422749@N01_identity_0/face_4.jpg
44124422749@N01_identity_0/face_3.jpg
Jean_Chretien/Jean_Chretien_1.jpg
Jean_Chretien/Jean_Chretien_2.jpg
7695916@N08_identity_18/face_0.jpg
7695916@N08_identity_18/face_1.jpg
Mike_Leach/Mike_Leach_1.jpg
Mike_Leach/Mike_Leach_2.jpg
Helene_Eksterowicz/Helene_Eksterowicz_1.jpg
Howard_Schultz/Howard_Schultz_2.jpg
Howard_Schultz/Howard_Schultz_1.jpg
Jennifer_Tilly/Jennifer_Tilly_2.jpg
Jennifer_Tilly/Jennifer_Tilly_1.jpg
73426603@N07_identity_50/face_0.jpg
73426603@N07_identity_50/face_1.jpg
Dale_Earnhardt_Jr/Dale_Earnhardt_Jr_2.jpg
Dale_Earnhardt_Jr/Dale_Earnhardt_Jr_1.jpg
41304283@N04_identity_5/face_7.jpg
41304283@N04_identity_5/face_3.jpg
59939844@N03_identity_4/face_5.jpg
59939844@N03_identity_4/face_6.jpg
77132613@N00_identity_161/face_0.jpg
77132613@N00_identity_161/face_1.jpg
Mikhail_Youzhny/Mikhail_Youzhny_1.jpg
Mikhail_Youzhny/Mikhail_Youzhny_2.jpg
Maria_Simon/Maria_Simon_1.jpg
Maria_Simon/Maria_Simon_3.jpg
Elizabeth_Pena/Elizabeth_Pena_1.jpg
Elizabeth_Pena/Elizabeth_Pena_2.jpg
John_Darby/John_Darby_1.jpg
John_Darby/John_Darby_3.jpg
Dwayne_Wade/Dwayne_Wade_3.jpg
Dwayne_Wade/Dwayne_Wade_1.jpg
Akbar_Hashemi_Rafsanjani/Akbar_Hashemi_Rafsanjani_1.jpg
Akbar_Hashemi_Rafsanjani/Akbar_Hashemi_Rafsanjani_2.jpg
John_Barnett/John_Barnett_1.jpg
John_Barnett/John_Barnett_2.jpg
39623400@N00_identity_6/face_2.jpg
39623400@N00_identity_6/face_3.jpg
59982611@N00_identity_6/face_1.jpg
59982611@N00_identity_6/face_3.jpg
Bianca_Jagger/Bianca_Jagger_1.jpg
Bianca_Jagger/Bianca_Jagger_2.jpg
76062956@N08_identity_8/face_2.jpg
76062956@N08_identity_8/face_1.jpg
61713553@N00_identity_7/face_0.jpg
61713553@N00_identity_7/face_1.jpg
Bryan_Chui/Bryan_Chui_1.jpg
Bryan_Chui/Bryan_Chui_3.jpg
40287103@N07_identity_45/face_5.jpg
40287103@N07_identity_45/face_2.jpg
46473296@N02_identity_11/face_2.jpg
46473296@N02_identity_11/face_1.jpg
Camilla_Parker_Bowles/Camilla_Parker_Bowles_3.jpg
Camilla_Parker_Bowles/Camilla_Parker_Bowles_1.jpg
John_Stallworth/John_Stallworth_1.jpg
John_Stallworth/John_Stallworth_2.jpg
Bob_Geldof/Bob_Geldof_2.jpg
Bob_Geldof/Bob_Geldof_1.jpg
57101579@N06_identity_52/face_0.jpg
57101579@N06_identity_52/face_1.jpg
Kaio_Almeida/Kaio_Almeida_3.jpg
Kaio_Almeida/Kaio_Almeida_1.jpg
Andre_Techine/Andre_Techine_2.jpg
Andre_Techine/Andre_Techine_1.jpg
Damon_Stoudamire/Damon_Stoudamire_3.jpg
Damon_Stoudamire/Damon_Stoudamire_1.jpg
39178873@N00_identity_61/face_0.jpg
39178873@N00_identity_61/face_2.jpg
Alan_Greenspan/Alan_Greenspan_1.jpg
Alan_Greenspan/Alan_Greenspan_2.jpg
60483993@N04_identity_3/face_0.jpg
60483993@N04_identity_3/face_1.jpg
Chris_Dodd/Chris_Dodd_1.jpg
Chris_Dodd/Chris_Dodd_2.jpg
49798735@N00_identity_38/10210735394_0.jpg
49798735@N00_identity_38/8321381520_0.jpg
Jeffrey_Donaldson/Jeffrey_Donaldson_1.jpg
Jeffrey_Donaldson/Jeffrey_Donaldson_2.jpg
Dusty_Baker/Dusty_Baker_1.jpg
Dusty_Baker/Dusty_Baker_2.jpg
Jamling_Norgay/Jamling_Norgay_1.jpg
40481186@N04_identity_15/11436537015_0.jpg
Micheal_Jourdain_Jr/Micheal_Jourdain_Jr_1.jpg
Micheal_Jourdain_Jr/Micheal_Jourdain_Jr_3.jpg
Goldie_Hawn/Goldie_Hawn_1.jpg
Goldie_Hawn/Goldie_Hawn_2.jpg
James_Comey/James_Comey_2.jpg
James_Comey/James_Comey_3.jpg
Charlie_Garner/Charlie_Garner_3.jpg
Charlie_Garner/Charlie_Garner_1.jpg
Lori_Berenson/Lori_Berenson_2.jpg
Lori_Berenson/Lori_Berenson_1.jpg
Mark_Butcher/Mark_Butcher_1.jpg
Mark_Butcher/Mark_Butcher_3.jpg
Antony_Leung/Antony_Leung_2.jpg
Antony_Leung/Antony_Leung_1.jpg
73426603@N07_identity_54/face_1.jpg
73426603@N07_identity_54/face_3.jpg
Hushiar_Zebari/Hushiar_Zebari_2.jpg
Hushiar_Zebari/Hushiar_Zebari_1.jpg
Lew_Rywin/Lew_Rywin_3.jpg
Lew_Rywin/Lew_Rywin_1.jpg
Michael_Schumacher/Michael_Schumacher_1.jpg
42518088@N07_identity_18/face_2.jpg
42518088@N07_identity_18/face_1.jpg
Hayley_Tullett/Hayley_Tullett_1.jpg
Hayley_Tullett/Hayley_Tullett_3.jpg
Al_Leiter/Al_Leiter_1.jpg
Al_Leiter/Al_Leiter_3.jpg
49675617@N05_identity_8/face_4.jpg
49675617@N05_identity_8/face_3.jpg
Ahmed_Qureia/Ahmed_Qureia_3.jpg
Ahmed_Qureia/Ahmed_Qureia_1.jpg
Dennis_Kozlowski/Dennis_Kozlowski_2.jpg
Dennis_Kozlowski/Dennis_Kozlowski_1.jpg
Bill_Guerin/Bill_Guerin_3.jpg
Bill_Guerin/Bill_Guerin_1.jpg
Hannah_Stockbauer/Hannah_Stockbauer_1.jpg
Hannah_Stockbauer/Hannah_Stockbauer_2.jpg
Job_Cohen/Job_Cohen_3.jpg
Job_Cohen/Job_Cohen_1.jpg
Jean_Charest/Jean_Charest_3.jpg
Jean_Charest/Jean_Charest_2.jpg
Elliott_Mincberg/Elliott_Mincberg_2.jpg
Elliott_Mincberg/Elliott_Mincberg_1.jpg
Larry_Harris/Larry_Harris_1.jpg
Larry_Harris/Larry_Harris_3.jpg
Jim_Taylor/Jim_Taylor_2.jpg
Jim_Taylor/Jim_Taylor_1.jpg
40287103@N07_identity_46/face_0.jpg
40287103@N07_identity_46/face_4.jpg
57954258@N06_identity_53/face_0.jpg
57954258@N06_identity_53/face_2.jpg
Alicia_Witt/Alicia_Witt_1.jpg
Alicia_Witt/Alicia_Witt_2.jpg
61278617@N02_identity_1/face_2.jpg
61278617@N02_identity_1/face_1.jpg
Kevin_Nealon/Kevin_Nealon_1.jpg
Kim_Weeks/Kim_Weeks_1.jpg
Kim_Weeks/Kim_Weeks_3.jpg
Bode_Miller/Bode_Miller_2.jpg
Bode_Miller/Bode_Miller_1.jpg
73559913@N00_identity_15/face_2.jpg
73559913@N00_identity_15/face_1.jpg
69875617@N00_identity_68/face_2.jpg
69875617@N00_identity_68/face_1.jpg
57958712@N00_identity_15/face_1.jpg
57958712@N00_identity_15/face_3.jpg
48300695@N07_identity_24/face_0.jpg
48300695@N07_identity_24/face_3.jpg
Imad_Moustapha/Imad_Moustapha_1.jpg
Imad_Moustapha/Imad_Moustapha_2.jpg
Kim_Jin-sun/Kim_Jin-sun_1.jpg
Kim_Jin-sun/Kim_Jin-sun_3.jpg
Bernard_Law/Bernard_Law_1.jpg
Bernard_Law/Bernard_Law_2.jpg
Misty_Dawn_Clymer/Misty_Dawn_Clymer_2.jpg
Misty_Dawn_Clymer/Misty_Dawn_Clymer_1.jpg
Joe_Carnahan/Joe_Carnahan_3.jpg
Joe_Carnahan/Joe_Carnahan_1.jpg
Carla_Gugino/Carla_Gugino_2.jpg
Carla_Gugino/Carla_Gugino_1.jpg
55561702@N02_identity_16/face_5.jpg
55561702@N02_identity_16/face_2.jpg
Jeffrey_Archer/Jeffrey_Archer_1.jpg
Jeffrey_Archer/Jeffrey_Archer_2.jpg
Dule_Hill/Dule_Hill_2.jpg
Dule_Hill/Dule_Hill_1.jpg
Bob_Hartley/Bob_Hartley_1.jpg
Bob_Hartley/Bob_Hartley_2.jpg
Baz_Luhrmann/Baz_Luhrmann_2.jpg
Baz_Luhrmann/Baz_Luhrmann_1.jpg
49675617@N05_identity_9/face_0.jpg
49675617@N05_identity_9/face_1.jpg
Edward_Flynn/Edward_Flynn_3.jpg
Edward_Flynn/Edward_Flynn_1.jpg
Gustavo_Franco/Gustavo_Franco_3.jpg
Gustavo_Franco/Gustavo_Franco_1.jpg
73753214@N00_identity_380/face_0.jpg
73753214@N00_identity_380/face_1.jpg
43697911@N00_identity_42/face_4.jpg
43697911@N00_identity_42/face_3.jpg
Hugh_Grant/Hugh_Grant_1.jpg
Hugh_Grant/Hugh_Grant_3.jpg
Erika_Harold/Erika_Harold_3.jpg
Erika_Harold/Erika_Harold_1.jpg
Charlotte_Church/Charlotte_Church_3.jpg
Charlotte_Church/Charlotte_Church_1.jpg
Dawn_Staley/Dawn_Staley_2.jpg
Dawn_Staley/Dawn_Staley_1.jpg
7527824@N04_identity_3/face_0.jpg
7527824@N04_identity_3/face_2.jpg
Corey_Maggette/Corey_Maggette_1.jpg
Corey_Maggette/Corey_Maggette_3.jpg
58412763@N00_identity_3/3327595058_3.jpg
58412763@N00_identity_3/3327600638_1.jpg
Himmler_Rebu/Himmler_Rebu_3.jpg
Himmler_Rebu/Himmler_Rebu_1.jpg
Ismail_Abu_Shanab/Ismail_Abu_Shanab_3.jpg
Ismail_Abu_Shanab/Ismail_Abu_Shanab_2.jpg
60370779@N07_identity_4/face_4.jpg
60370779@N07_identity_4/face_3.jpg
Monica_Lewinsky/Monica_Lewinsky_1.jpg
Monica_Lewinsky/Monica_Lewinsky_3.jpg
63864355@N08_identity_4/face_2.jpg
63864355@N08_identity_4/face_1.jpg
56566859@N06_identity_63/face_2.jpg
56566859@N06_identity_63/face_1.jpg
39069511@N03_identity_73/face_0.jpg
39069511@N03_identity_73/face_2.jpg
38712296@N07_identity_27/face_2.jpg
38712296@N07_identity_27/face_1.jpg
Frank_Stallone/Frank_Stallone_3.jpg
Frank_Stallone/Frank_Stallone_1.jpg
Jakob_Kellenberger/Jakob_Kellenberger_1.jpg
Jakob_Kellenberger/Jakob_Kellenberger_3.jpg
73194085@N00_identity_10/face_2.jpg
73194085@N00_identity_10/face_1.jpg
59802236@N02_identity_45/face_0.jpg
59802236@N02_identity_45/face_2.jpg
51989827@N00_identity_30/face_4.jpg
51989827@N00_identity_30/face_3.jpg
Dunn_Lampton/Dunn_Lampton_3.jpg
Dunn_Lampton/Dunn_Lampton_1.jpg
John_Taylor/John_Taylor_1.jpg
John_Taylor/John_Taylor_3.jpg
Andrew_Weissmann/Andrew_Weissmann_2.jpg
Andrew_Weissmann/Andrew_Weissmann_1.jpg
Max_Biaggi/Max_Biaggi_2.jpg
Max_Biaggi/Max_Biaggi_1.jpg
Jamie_Dimon/Jamie_Dimon_1.jpg
Jamie_Dimon/Jamie_Dimon_2.jpg
Kathy_Bates/Kathy_Bates_3.jpg
Kathy_Bates/Kathy_Bates_1.jpg
38877015@N03_identity_6/face_0.jpg
38877015@N03_identity_6/face_1.jpg
Mike_Holmgren/Mike_Holmgren_3.jpg
Mike_Holmgren/Mike_Holmgren_1.jpg
Ion_Tiriac/Ion_Tiriac_1.jpg
Ion_Tiriac/Ion_Tiriac_2.jpg
Joanna_Poitier/Joanna_Poitier_3.jpg
Joanna_Poitier/Joanna_Poitier_1.jpg
Geraldo_Rivera/Geraldo_Rivera_2.jpg
Geraldo_Rivera/Geraldo_Rivera_1.jpg
Joseph_Biden/Joseph_Biden_1.jpg
Joseph_Biden/Joseph_Biden_3.jpg
61724560@N00_identity_5/face_0.jpg
61724560@N00_identity_5/face_1.jpg
41762867@N04_identity_6/face_2.jpg
41762867@N04_identity_6/face_1.jpg
Bryan_Thomas/Bryan_Thomas_3.jpg
Bryan_Thomas/Bryan_Thomas_1.jpg
John_Nash/John_Nash_3.jpg
John_Nash/John_Nash_1.jpg
James_Hakett/James_Hakett_1.jpg
52165061@N07_identity_2/face_0.jpg
52165061@N07_identity_2/face_1.jpg
Larry_Coker/Larry_Coker_3.jpg
Larry_Coker/Larry_Coker_1.jpg
49675617@N05_identity_2/face_0.jpg
49675617@N05_identity_2/face_2.jpg
Lee_Chang-dong/Lee_Chang-dong_2.jpg
Lee_Chang-dong/Lee_Chang-dong_1.jpg
Chuck_Eidson/Chuck_Eidson_1.jpg
48148070@N02_identity_7/face_2.jpg
48148070@N02_identity_7/face_3.jpg
Agnelo_Queiroz/Agnelo_Queiroz_2.jpg
Agnelo_Queiroz/Agnelo_Queiroz_1.jpg
Mitzi_Gaynor/Mitzi_Gaynor_1.jpg
Mitzi_Gaynor/Mitzi_Gaynor_2.jpg
Andrei_Mikhnevich/Andrei_Mikhnevich_1.jpg
Andrei_Mikhnevich/Andrei_Mikhnevich_2.jpg
48674963@N03_identity_21/face_0.jpg
48674963@N03_identity_21/face_2.jpg
Adrian_Nastase/Adrian_Nastase_1.jpg
Adrian_Nastase/Adrian_Nastase_2.jpg
51794880@N07_identity_3/face_2.jpg
51794880@N07_identity_3/face_10.jpg
Brian_Mulroney/Brian_Mulroney_1.jpg
Brennon_Leighton/Brennon_Leighton_1.jpg
Brennon_Leighton/Brennon_Leighton_3.jpg
Anthony_Garotinho/Anthony_Garotinho_1.jpg
Anthony_Garotinho/Anthony_Garotinho_2.jpg
50687522@N00_identity_8/face_0.jpg
50687522@N00_identity_8/face_2.jpg
Boris_Becker/Boris_Becker_1.jpg
Boris_Becker/Boris_Becker_3.jpg
Anthony_Principi/Anthony_Principi_2.jpg
Anthony_Principi/Anthony_Principi_1.jpg
Mauricio_Pochetino/Mauricio_Pochetino_1.jpg
Mauricio_Pochetino/Mauricio_Pochetino_2.jpg
Lidija_Djukanovic/Lidija_Djukanovic_3.jpg
Lidija_Djukanovic/Lidija_Djukanovic_1.jpg
Leonardo_DiCaprio/Leonardo_DiCaprio_2.jpg
Leonardo_DiCaprio/Leonardo_DiCaprio_1.jpg
Dorothy_Lamour/Dorothy_Lamour_2.jpg
Dorothy_Lamour/Dorothy_Lamour_1.jpg
Alexandre_Daigle/Alexandre_Daigle_1.jpg
Alexandre_Daigle/Alexandre_Daigle_2.jpg
61715351@N00_identity_13/face_2.jpg
61715351@N00_identity_13/face_1.jpg
48017522@N00_identity_60/face_4.jpg
48017522@N00_identity_60/face_6.jpg
Bobby_Bowden/Bobby_Bowden_1.jpg
Bobby_Bowden/Bobby_Bowden_2.jpg
Jacques_Rogge/Jacques_Rogge_3.jpg
Jacques_Rogge/Jacques_Rogge_1.jpg
42627577@N00_identity_2/face_0.jpg
42627577@N00_identity_2/face_1.jpg
62178046@N03_identity_3/face_4.jpg
62178046@N03_identity_3/face_1.jpg
Eric_Snow/Eric_Snow_1.jpg
Eric_Snow/Eric_Snow_2.jpg
Joe_Dumars/Joe_Dumars_1.jpg
Joe_Dumars/Joe_Dumars_3.jpg
Kyle_McLaren/Kyle_McLaren_2.jpg
Kyle_McLaren/Kyle_McLaren_1.jpg
Eric_Staal/Eric_Staal_2.jpg
Eric_Staal/Eric_Staal_1.jpg
Franz_Beckenbauer/Franz_Beckenbauer_1.jpg
Franz_Beckenbauer/Franz_Beckenbauer_2.jpg
Felicity_Huffman/Felicity_Huffman_1.jpg
Felicity_Huffman/Felicity_Huffman_2.jpg
Du_Qinglin/Du_Qinglin_1.jpg
Du_Qinglin/Du_Qinglin_3.jpg
58412763@N00_identity_1/face_0.jpg
58412763@N00_identity_1/face_2.jpg
Maggie_Cheung/Maggie_Cheung_2.jpg
Maggie_Cheung/Maggie_Cheung_1.jpg
Ferenc_Madl/Ferenc_Madl_3.jpg
Ferenc_Madl/Ferenc_Madl_1.jpg
44124270848@N01_identity_4/face_2.jpg
44124270848@N01_identity_4/face_1.jpg
Mehmet_Ali_Sahin/Mehmet_Ali_Sahin_1.jpg
Mehmet_Ali_Sahin/Mehmet_Ali_Sahin_2.jpg
Gerard_Butler/Gerard_Butler_2.jpg
Gerard_Butler/Gerard_Butler_1.jpg
Janusz_Kaminski/Janusz_Kaminski_1.jpg
Janusz_Kaminski/Janusz_Kaminski_3.jpg
Maurice_Papon/Maurice_Papon_2.jpg
Maurice_Papon/Maurice_Papon_1.jpg
Michael_Jackson/Michael_Jackson_3.jpg
Michael_Jackson/Michael_Jackson_1.jpg
61713553@N00_identity_4/face_0.jpg
61713553@N00_identity_4/face_1.jpg
Milo_Maestrecampo/Milo_Maestrecampo_1.jpg
65217332@N00_identity_26/face_0.jpg
65217332@N00_identity_26/face_2.jpg
Carlos_Alberto/Carlos_Alberto_1.jpg
Carlos_Alberto/Carlos_Alberto_3.jpg
Douglas_Paal/Douglas_Paal_1.jpg
Douglas_Paal/Douglas_Paal_3.jpg
Gala_Leon_Garcia/Gala_Leon_Garcia_2.jpg
Gala_Leon_Garcia/Gala_Leon_Garcia_1.jpg
45670469@N06_identity_16/face_0.jpg
45670469@N06_identity_16/face_1.jpg
60150763@N05_identity_12/face_0.jpg
60150763@N05_identity_12/face_1.jpg
Lorne_Michaels/Lorne_Michaels_2.jpg
Lorne_Michaels/Lorne_Michaels_1.jpg
42433936@N00_identity_14/face_0.jpg
42433936@N00_identity_14/face_1.jpg
John_Travolta/John_Travolta_1.jpg
John_Travolta/John_Travolta_3.jpg
Clara_Harris/Clara_Harris_2.jpg
Clara_Harris/Clara_Harris_1.jpg
Cheryl_Tiegs/Cheryl_Tiegs_1.jpg
Cheryl_Tiegs/Cheryl_Tiegs_2.jpg
41894169358@N01_identity_11/face_1.jpg
41894169358@N01_identity_11/face_6.jpg
Jawad_Boulus/Jawad_Boulus_1.jpg
Jawad_Boulus/Jawad_Boulus_2.jpg
41894169358@N01_identity_16/face_0.jpg
41894169358@N01_identity_16/face_4.jpg
Marwan_Muasher/Marwan_Muasher_2.jpg
Marwan_Muasher/Marwan_Muasher_1.jpg
Keira_Knightley/Keira_Knightley_2.jpg
Keira_Knightley/Keira_Knightley_3.jpg
76154228@N00_identity_4/face_2.jpg
76154228@N00_identity_4/face_1.jpg
56523625@N02_identity_20/face_2.jpg
56523625@N02_identity_20/face_3.jpg
76154228@N00_identity_2/face_2.jpg
76154228@N00_identity_2/face_1.jpg
39550519@N04_identity_98/face_0.jpg
39550519@N04_identity_98/face_1.jpg
75408070@N06_identity_50/face_2.jpg
75408070@N06_identity_50/face_1.jpg
Imam_Samudra/Imam_Samudra_1.jpg
Imam_Samudra/Imam_Samudra_2.jpg
Leander_Paes/Leander_Paes_3.jpg
Leander_Paes/Leander_Paes_1.jpg
Adolfo_Rodriguez_Saa/Adolfo_Rodriguez_Saa_3.jpg
Adolfo_Rodriguez_Saa/Adolfo_Rodriguez_Saa_1.jpg
Emily_Robison/Emily_Robison_2.jpg
Emily_Robison/Emily_Robison_1.jpg
Mark_Kelly/Mark_Kelly_1.jpg
Mark_Kelly/Mark_Kelly_3.jpg
Malcolm_Jamal_Warner/Malcolm_Jamal_Warner_1.jpg
Jacques_Chirac/Jacques_Chirac_3.jpg
Jacques_Chirac/Jacques_Chirac_1.jpg
Budd_Schulberg/Budd_Schulberg_3.jpg
Budd_Schulberg/Budd_Schulberg_1.jpg
Liliana_Cavani/Liliana_Cavani_3.jpg
Liliana_Cavani/Liliana_Cavani_1.jpg
Mitch_Kupchak/Mitch_Kupchak_1.jpg
Mitch_Kupchak/Mitch_Kupchak_2.jpg
62178046@N03_identity_1/face_2.jpg
62178046@N03_identity_1/face_1.jpg
75082864@N00_identity_3/face_9.jpg
75082864@N00_identity_3/face_3.jpg
Max_Baucus/Max_Baucus_2.jpg
Max_Baucus/Max_Baucus_1.jpg
Benjamin_Netanyahu/Benjamin_Netanyahu_1.jpg
Benjamin_Netanyahu/Benjamin_Netanyahu_2.jpg
Allen_Iverson/Allen_Iverson_1.jpg
Allen_Iverson/Allen_Iverson_2.jpg
Catherine_Bell/Catherine_Bell_3.jpg
Catherine_Bell/Catherine_Bell_2.jpg
Herb_Dhaliwal/Herb_Dhaliwal_1.jpg
63215589@N00_identity_79/902049070_0.jpg
63215589@N00_identity_79/902053626_0.jpg
Mona_Ayoub/Mona_Ayoub_1.jpg
Mona_Ayoub/Mona_Ayoub_3.jpg
Faye_Dunaway/Faye_Dunaway_1.jpg
Faye_Dunaway/Faye_Dunaway_3.jpg
Al_Pacino/Al_Pacino_2.jpg
Al_Pacino/Al_Pacino_1.jpg
76583321@N00_identity_6/face_0.jpg
76583321@N00_identity_6/face_1.jpg
Jeanette_Gray/Jeanette_Gray_3.jpg
Jeanette_Gray/Jeanette_Gray_1.jpg
55561702@N02_identity_19/face_0.jpg
55561702@N02_identity_19/face_1.jpg
Lim_Dong-won/Lim_Dong-won_1.jpg
Lim_Dong-won/Lim_Dong-won_2.jpg
Martha_Lucia_Ramirez/Martha_Lucia_Ramirez_1.jpg
Martha_Lucia_Ramirez/Martha_Lucia_Ramirez_2.jpg
James_Meredeth/James_Meredeth_1.jpg
Billy_Graham/Billy_Graham_2.jpg
Billy_Graham/Billy_Graham_1.jpg
Beyonce_Knowles/Beyonce_Knowles_1.jpg
Beyonce_Knowles/Beyonce_Knowles_2.jpg
Martin_McGuinness/Martin_McGuinness_2.jpg
Martin_McGuinness/Martin_McGuinness_1.jpg
Michael_Hagee/Michael_Hagee_2.jpg
Michael_Hagee/Michael_Hagee_3.jpg
50642338@N00_identity_79/face_1.jpg
50642338@N00_identity_79/face_3.jpg
Bobby_Jackson/Bobby_Jackson_1.jpg
Bobby_Jackson/Bobby_Jackson_2.jpg
Chris_Cookson/Chris_Cookson_1.jpg
Chris_Cookson/Chris_Cookson_2.jpg
63215589@N00_identity_78/face_2.jpg
63215589@N00_identity_78/face_1.jpg
68520347@N05_identity_0/face_0.jpg
68520347@N05_identity_0/face_1.jpg
Joe_Vandever/Joe_Vandever_1.jpg
Joe_Vandever/Joe_Vandever_2.jpg
Bobo_Balde/Bobo_Balde_2.jpg
Bobo_Balde/Bobo_Balde_1.jpg
Ismail_Khan/Ismail_Khan_1.jpg
Ismail_Khan/Ismail_Khan_3.jpg
Abdullah_Gul/Abdullah_Gul_1.jpg
Abdullah_Gul/Abdullah_Gul_2.jpg
42301405@N06_identity_26/face_0.jpg
42301405@N06_identity_26/face_3.jpg
51873315@N00_identity_0/face_2.jpg
51873315@N00_identity_0/face_3.jpg
47464193@N03_identity_173/face_0.jpg
47464193@N03_identity_173/face_1.jpg
Jack_Valenti/Jack_Valenti_1.jpg
Jack_Valenti/Jack_Valenti_2.jpg
42765254@N04_identity_13/face_2.jpg
42765254@N04_identity_13/face_4.jpg
Feliciano_Lopez/Feliciano_Lopez_2.jpg
Feliciano_Lopez/Feliciano_Lopez_1.jpg
Matt_Damon/Matt_Damon_1.jpg
Matt_Damon/Matt_Damon_2.jpg
Felix_Sanchez/Felix_Sanchez_2.jpg
Felix_Sanchez/Felix_Sanchez_1.jpg
Mike_Sweeney/Mike_Sweeney_2.jpg
Mike_Sweeney/Mike_Sweeney_1.jpg
46370717@N05_identity_11/face_7.jpg
46370717@N05_identity_11/face_2.jpg
Mike_Weir/Mike_Weir_1.jpg
Mike_Weir/Mike_Weir_3.jpg
64575479@N00_identity_25/1256861290_0.jpg
64575479@N00_identity_25/1256527700_0.jpg
60781728@N00_identity_21/face_2.jpg
60781728@N00_identity_21/face_4.jpg
7181739@N05_identity_36/6209795962_1.jpg
7181739@N05_identity_36/6208927831_0.jpg
Marion_Barry/Marion_Barry_1.jpg
41422863@N00_identity_62/face_0.jpg
41422863@N00_identity_62/face_1.jpg
John_Rusnak/John_Rusnak_1.jpg
John_Rusnak/John_Rusnak_2.jpg
Marc_Racicot/Marc_Racicot_1.jpg
Marc_Racicot/Marc_Racicot_3.jpg
Jonathan_Byrd/Jonathan_Byrd_1.jpg
76914318@N03_identity_7/face_2.jpg
76914318@N03_identity_7/face_1.jpg
Fayssal_Mekdad/Fayssal_Mekdad_1.jpg
Fayssal_Mekdad/Fayssal_Mekdad_2.jpg
7178115@N05_identity_53/face_2.jpg
7178115@N05_identity_53/face_1.jpg
Alex_King/Alex_King_3.jpg
Alex_King/Alex_King_1.jpg
Dennis_Johnson/Dennis_Johnson_1.jpg
Jim_Paxson/Jim_Paxson_1.jpg
Jim_Paxson/Jim_Paxson_2.jpg
39006711@N00_identity_46/face_5.jpg
39006711@N00_identity_46/face_4.jpg
James_Spalding/James_Spalding_2.jpg
James_Spalding/James_Spalding_1.jpg
Lonnie_Donegan/Lonnie_Donegan_1.jpg
Lonnie_Donegan/Lonnie_Donegan_2.jpg
Joan_Jett/Joan_Jett_2.jpg
Joan_Jett/Joan_Jett_1.jpg
54971823@N00_identity_84/face_0.jpg
54971823@N00_identity_84/face_2.jpg
44124452748@N01_identity_14/face_0.jpg
44124452748@N01_identity_14/face_3.jpg
67777098@N04_identity_187/face_0.jpg
67777098@N04_identity_187/face_1.jpg
Bob_lger/Bob_lger_3.jpg
Bob_lger/Bob_lger_2.jpg
Margaret_Thatcher/Margaret_Thatcher_1.jpg
Margaret_Thatcher/Margaret_Thatcher_2.jpg
Bill_Cartwright/Bill_Cartwright_2.jpg
Bill_Cartwright/Bill_Cartwright_1.jpg
42798669@N00_identity_6/face_2.jpg
42798669@N00_identity_6/face_4.jpg
Moby/Moby_3.jpg
Moby/Moby_1.jpg
Leah_Remini/Leah_Remini_1.jpg
Leah_Remini/Leah_Remini_3.jpg
Ahmed_Chalabi/Ahmed_Chalabi_3.jpg
Ahmed_Chalabi/Ahmed_Chalabi_1.jpg
Marc_Grossman/Marc_Grossman_2.jpg
Marc_Grossman/Marc_Grossman_1.jpg
Eric_Benet/Eric_Benet_2.jpg
Eric_Benet/Eric_Benet_1.jpg
Gustavo_Cisneros/Gustavo_Cisneros_1.jpg
Gustavo_Cisneros/Gustavo_Cisneros_2.jpg
Hugo_Chavez/Hugo_Chavez_3.jpg
Hugo_Chavez/Hugo_Chavez_1.jpg
49503048699@N01_identity_4/face_2.jpg
49503048699@N01_identity_4/face_1.jpg
Mohammad_Khatami/Mohammad_Khatami_3.jpg
Mohammad_Khatami/Mohammad_Khatami_1.jpg
Hussam_Mohammed_Amin/Hussam_Mohammed_Amin_3.jpg
Hussam_Mohammed_Amin/Hussam_Mohammed_Amin_1.jpg
Hosni_Mubarak/Hosni_Mubarak_1.jpg
Hosni_Mubarak/Hosni_Mubarak_2.jpg
Dominique_de_Villepin/Dominique_de_Villepin_1.jpg
Dominique_de_Villepin/Dominique_de_Villepin_3.jpg
Gary_Sinise/Gary_Sinise_1.jpg
Gary_Sinise/Gary_Sinise_3.jpg
54916599@N00_identity_0/face_0.jpg
54916599@N00_identity_0/face_2.jpg
Claudine_Farrell/Claudine_Farrell_2.jpg
Claudine_Farrell/Claudine_Farrell_3.jpg
Ivan_Helguera/Ivan_Helguera_1.jpg
Ivan_Helguera/Ivan_Helguera_3.jpg
66165335@N00_identity_2/face_4.jpg
66165335@N00_identity_2/face_8.jpg
40522226@N03_identity_3/face_0.jpg
40522226@N03_identity_3/face_2.jpg
Christian_Wulff/Christian_Wulff_1.jpg
Christian_Wulff/Christian_Wulff_2.jpg
Allan_Wagner/Allan_Wagner_2.jpg
Allan_Wagner/Allan_Wagner_1.jpg
65947802@N00_identity_12/face_0.jpg
65947802@N00_identity_12/face_1.jpg
73189717@N00_identity_7/face_0.jpg
73189717@N00_identity_7/face_4.jpg
Adrian_Fernandez/Adrian_Fernandez_1.jpg
Adrian_Fernandez/Adrian_Fernandez_2.jpg
Mario_Kreutzberger/Mario_Kreutzberger_2.jpg
Mario_Kreutzberger/Mario_Kreutzberger_1.jpg
Daja_Bedanova/Daja_Bedanova_1.jpg
Daja_Bedanova/Daja_Bedanova_3.jpg
53361740@N00_identity_7/face_2.jpg
53361740@N00_identity_7/face_1.jpg
Jean-Luc_Bideau/Jean-Luc_Bideau_1.jpg
Jean-Luc_Bideau/Jean-Luc_Bideau_2.jpg
49798735@N00_identity_33/face_0.jpg
49798735@N00_identity_33/face_6.jpg
Frank_Pallone/Frank_Pallone_2.jpg
Frank_Pallone/Frank_Pallone_1.jpg
Marcos_Cafu/Marcos_Cafu_3.jpg
Marcos_Cafu/Marcos_Cafu_1.jpg
Jason_Kidd/Jason_Kidd_3.jpg
Jason_Kidd/Jason_Kidd_1.jpg
Alicia_Molik/Alicia_Molik_3.jpg
Alicia_Molik/Alicia_Molik_1.jpg
Derian_Hatcher/Derian_Hatcher_1.jpg
Derian_Hatcher/Derian_Hatcher_2.jpg
64834167@N00_identity_23/face_2.jpg
64834167@N00_identity_23/face_3.jpg
Brad_Johnson/Brad_Johnson_2.jpg
Brad_Johnson/Brad_Johnson_1.jpg
Lisa_Gottsegen/Lisa_Gottsegen_1.jpg
Lisa_Gottsegen/lisa_gottsegen_2.jpg
John_Philip_Elkann/John_Philip_Elkann_1.jpg
John_Philip_Elkann/John_Philip_Elkann_3.jpg
John_Philip_Elkann/John_Philip_Elkann_2.jpg
Elisha_Cuthbert/Elisha_Cuthbert_1.jpg
Elisha_Cuthbert/Elisha_Cuthbert_2.jpg
Kevin_Harvick/Kevin_Harvick_1.jpg
Kevin_Harvick/Kevin_Harvick_2.jpg
43931004@N08_identity_11/face_2.jpg
43931004@N08_identity_11/face_1.jpg
Don_Matthews/Don_Matthews_1.jpg
Don_Matthews/Don_Matthews_2.jpg
Christian_Lacroix/Christian_Lacroix_1.jpg
Christian_Lacroix/Christian_Lacroix_2.jpg
Bill_Byrne/Bill_Byrne_1.jpg
Bill_Byrne/Bill_Byrne_2.jpg
43368521@N00_identity_0/face_2.jpg
43368521@N00_identity_0/face_4.jpg
76062956@N08_identity_6/face_2.jpg
76062956@N08_identity_6/face_1.jpg
Eric_Robert_Rudolph/Eric_Robert_Rudolph_1.jpg
Eric_Robert_Rudolph/Eric_Robert_Rudolph_3.jpg
52512370@N05_identity_53/face_0.jpg
52512370@N05_identity_53/face_2.jpg
Iain_Duncan_Smith/Iain_Duncan_Smith_1.jpg
Iain_Duncan_Smith/Iain_Duncan_Smith_2.jpg
Mack_Brown/Mack_Brown_1.jpg
Mack_Brown/Mack_Brown_2.jpg
Ali_Bin_Hussein/Ali_Bin_Hussein_2.jpg
Ali_Bin_Hussein/Ali_Bin_Hussein_1.jpg
Lindy_Ruff/Lindy_Ruff_1.jpg
Lindy_Ruff/Lindy_Ruff_3.jpg
Billy_Beane/Billy_Beane_1.jpg
Billy_Beane/Billy_Beane_3.jpg
46769540@N00_identity_161/2963420713_1.jpg
46769540@N00_identity_161/2963414043_1.jpg
Gavyn_Davies/Gavyn_Davies_3.jpg
Gavyn_Davies/Gavyn_Davies_1.jpg
Kirk_Ferentz/Kirk_Ferentz_1.jpg
Kirk_Ferentz/Kirk_Ferentz_2.jpg
Guillermo_Coria/Guillermo_Coria_3.jpg
Guillermo_Coria/Guillermo_Coria_1.jpg
Goh_Kun/Goh_Kun_1.jpg
Goh_Kun/Goh_Kun_2.jpg
Bill_Kollar/Bill_Kollar_2.jpg
Bill_Kollar/Bill_Kollar_1.jpg
Bruce_Lunsford/Bruce_Lunsford_2.jpg
Bruce_Lunsford/Bruce_Lunsford_1.jpg
Gabrielle_Union/Gabrielle_Union_2.jpg
Gabrielle_Union/Gabrielle_Union_3.jpg
Amelia_Vega/Amelia_Vega_1.jpg
Amelia_Vega/Amelia_Vega_3.jpg
Janet_Ecker/Janet_Ecker_3.jpg
Janet_Ecker/Janet_Ecker_1.jpg
50556527@N05_identity_7/face_7.jpg
50556527@N05_identity_7/face_3.jpg
51311371@N07_identity_2/face_0.jpg
51311371@N07_identity_2/face_1.jpg
62507322@N03_identity_3/5737774652_0.jpg
62507322@N03_identity_3/5737214761_0.jpg
42976004@N00_identity_7/face_2.jpg
42976004@N00_identity_7/face_1.jpg
Mel_Brooks/Mel_Brooks_3.jpg
Mel_Brooks/Mel_Brooks_1.jpg
77748316@N00_identity_38/face_2.jpg
77748316@N00_identity_38/face_1.jpg
38972359@N00_identity_1/face_0.jpg
38972359@N00_identity_1/face_2.jpg
Mel_Karmazin/Mel_Karmazin_2.jpg
Mel_Karmazin/Mel_Karmazin_1.jpg
Laura_Schlessinger/Laura_Schlessinger_3.jpg
Laura_Schlessinger/Laura_Schlessinger_1.jpg
Brajesh_Mishra/Brajesh_Mishra_1.jpg
Brajesh_Mishra/Brajesh_Mishra_3.jpg
73753214@N00_identity_383/face_1.jpg
73753214@N00_identity_383/face_3.jpg
63590594@N05_identity_14/face_0.jpg
63590594@N05_identity_14/face_1.jpg
John_Sidgmore/John_Sidgmore_1.jpg
John_Sidgmore/John_Sidgmore_3.jpg
Jan_Petersen/Jan_Petersen_1.jpg
Jan_Petersen/Jan_Petersen_3.jpg
Bill_Frist/Bill_Frist_3.jpg
Bill_Frist/Bill_Frist_1.jpg
Christian_Bale/Christian_Bale_2.jpg
Christian_Bale/Christian_Bale_1.jpg
Keanu_Reeves/Keanu_Reeves_1.jpg
Keanu_Reeves/Keanu_Reeves_3.jpg
Juan_Carlos/Juan_Carlos_1.jpg
Juan_Carlos/Juan_Carlos_2.jpg
Mike_Thibault/Mike_Thibault_1.jpg
Mike_Thibault/Mike_Thibault_2.jpg
Edward_Arsenault/Edward_Arsenault_1.jpg
Edward_Arsenault/Edward_Arsenault_3.jpg
Helen_Clark/Helen_Clark_1.jpg
Helen_Clark/Helen_Clark_2.jpg
Judi_Dench/Judi_Dench_1.jpg
Judi_Dench/Judi_Dench_2.jpg
Darrell_Issa/Darrell_Issa_1.jpg
Darrell_Issa/Darrell_Issa_2.jpg
Lili_Taylor/Lili_Taylor_1.jpg
Lili_Taylor/Lili_Taylor_3.jpg
53271338@N03_identity_17/face_0.jpg
53271338@N03_identity_17/face_1.jpg
66638708@N00_identity_5/face_0.jpg
66638708@N00_identity_5/face_1.jpg
Eriko_Tamura/Eriko_Tamura_1.jpg
Eriko_Tamura/Eriko_Tamura_3.jpg
Derrick_Battie/Derrick_Battie_1.jpg
Luiz_Inacio_Lula_da_Silva/Luiz_Inacio_Lula_da_Silva_1.jpg
Luiz_Inacio_Lula_da_Silva/Luiz_Inacio_Lula_da_Silva_3.jpg
Jay_Garner/Jay_Garner_3.jpg
Jay_Garner/Jay_Garner_1.jpg
57715939@N05_identity_1/face_0.jpg
57715939@N05_identity_1/face_2.jpg
Lincoln_Chafee/Lincoln_Chafee_3.jpg
Lincoln_Chafee/Lincoln_Chafee_2.jpg
55561702@N02_identity_10/face_0.jpg
55561702@N02_identity_10/face_1.jpg
59774439@N07_identity_2/face_4.jpg
59774439@N07_identity_2/face_1.jpg
Itamar_Franco/Itamar_Franco_1.jpg
Itamar_Franco/Itamar_Franco_2.jpg
Martha_Burk/Martha_Burk_1.jpg
Martha_Burk/Martha_Burk_2.jpg
Denise_van_Outen/Denise_van_Outen_3.jpg
Denise_van_Outen/Denise_van_Outen_1.jpg
Donatella_Versace/Donatella_Versace_1.jpg
Donatella_Versace/Donatella_Versace_2.jpg
39528550@N02_identity_34/8508109146_13.jpg
39528550@N02_identity_34/8508113844_0.jpg
38877015@N03_identity_8/face_2.jpg
38877015@N03_identity_8/face_1.jpg
Mariana_Ohata/Mariana_Ohata_1.jpg
Mariana_Ohata/Mariana_Ohata_2.jpg
Mark_Mulder/Mark_Mulder_1.jpg
75370121@N02_identity_0/face_2.jpg
75370121@N02_identity_0/face_1.jpg
Jon_voight/Jon_Voight_1.jpg
Jon_voight/Jon_voight_3.jpg
Meghann_Shaughnessy/Meghann_Shaughnessy_2.jpg
Meghann_Shaughnessy/Meghann_Shaughnessy_1.jpg
Masaru_Hayami/Masaru_Hayami_1.jpg
Masaru_Hayami/Masaru_Hayami_2.jpg
Fazal-ur-Rehman/Fazal-ur-Rehman_1.jpg
Fazal-ur-Rehman/Fazal-ur-Rehman_2.jpg
55561702@N02_identity_15/face_0.jpg
55561702@N02_identity_15/face_1.jpg
7512717@N06_identity_62/face_2.jpg
7512717@N06_identity_62/face_3.jpg
Latrell_Sprewell/Latrell_Sprewell_2.jpg
Latrell_Sprewell/Latrell_Sprewell_1.jpg
Jerry_Sloan/Jerry_Sloan_1.jpg
Jason_Biggs/Jason_Biggs_3.jpg
Jason_Biggs/Jason_Biggs_1.jpg
55241863@N06_identity_6/face_0.jpg
55241863@N06_identity_6/face_1.jpg
59174646@N02_identity_68/face_1.jpg
59174646@N02_identity_68/face_3.jpg
45676902@N00_identity_25/face_0.jpg
45676902@N00_identity_25/face_2.jpg
David_Brent/David_Brent_1.jpg
David_Brent/David_Brent_2.jpg
46334075@N03_identity_1/face_0.jpg
46334075@N03_identity_1/face_3.jpg
Jean-Sebastien_Giguere/Jean-Sebastien_Giguere_2.jpg
Jean-Sebastien_Giguere/Jean-Sebastien_Giguere_1.jpg
40642065@N06_identity_0/face_0.jpg
40642065@N06_identity_0/face_1.jpg
Jerry_Angelo/Jerry_Angelo_2.jpg
Jerry_Angelo/Jerry_Angelo_1.jpg
62094288@N00_identity_4/face_2.jpg
62094288@N00_identity_4/face_4.jpg
Donald_Fehr/Donald_Fehr_1.jpg
Donald_Fehr/Donald_Fehr_3.jpg
67777098@N04_identity_182/6851956127_0.jpg
67777098@N04_identity_182/6855445823_2.jpg
Asa_Hutchinson/Asa_Hutchinson_1.jpg
51793372@N00_identity_3/face_2.jpg
51793372@N00_identity_3/face_3.jpg
56566859@N06_identity_67/face_0.jpg
56566859@N06_identity_67/face_1.jpg
Kareena_Kapoor/Kareena_Kapoor_1.jpg
59592200@N05_identity_15/face_4.jpg
59592200@N05_identity_15/face_1.jpg
43024660@N02_identity_3/face_2.jpg
43024660@N02_identity_3/face_1.jpg
Barry_Williams/Barry_Williams_1.jpg
Barry_Williams/Barry_Williams_3.jpg
53093499@N05_identity_1/face_0.jpg
53093499@N05_identity_1/face_1.jpg
Bijan_Darvish/Bijan_Darvish_1.jpg
Bijan_Darvish/Bijan_Darvish_2.jpg
65954261@N00_identity_113/face_0.jpg
65954261@N00_identity_113/face_2.jpg
42976004@N00_identity_9/face_1.jpg
42976004@N00_identity_9/face_3.jpg
50627892@N06_identity_4/face_1.jpg
50627892@N06_identity_4/face_3.jpg
Ain_Seppik/Ain_Seppik_2.jpg
Ain_Seppik/Ain_Seppik_1.jpg
44285389@N00_identity_9/face_0.jpg
44285389@N00_identity_9/face_1.jpg
59468914@N00_identity_24/face_4.jpg
59468914@N00_identity_24/face_1.jpg
Louisa_Baileche/Louisa_Baileche_1.jpg
Louisa_Baileche/Louisa_Baileche_2.jpg
48300695@N07_identity_25/6159231968_1.jpg
48300695@N07_identity_25/6158728423_0.jpg
Larry_Nichols/Larry_Nichols_3.jpg
Larry_Nichols/Larry_Nichols_2.jpg
50556527@N05_identity_0/face_0.jpg
50556527@N05_identity_0/face_4.jpg
Daniell_Sunjata/Daniell_Sunjata_1.jpg
Daniell_Sunjata/Daniell_Sunjata_3.jpg
Andrei_Nikolishin/Andrei_Nikolishin_1.jpg
Jaap_de_Hoop_Scheffer/Jaap_de_Hoop_Scheffer_1.jpg
Jaap_de_Hoop_Scheffer/Jaap_de_Hoop_Scheffer_3.jpg
59707291@N03_identity_39/face_0.jpg
59707291@N03_identity_39/face_1.jpg
Lleyton_Hewitt/Lleyton_Hewitt_1.jpg
Lleyton_Hewitt/Lleyton_Hewitt_3.jpg
Justine_Pasek/Justine_Pasek_1.jpg
Justine_Pasek/Justine_Pasek_3.jpg
61715351@N00_identity_14/face_2.jpg
61715351@N00_identity_14/face_1.jpg
Francois_Pienaar/Francois_Pienaar_1.jpg
Francois_Pienaar/Francois_Pienaar_3.jpg
Mladen_Naletilic/Mladen_Naletilic_1.jpg
Mladen_Naletilic/Mladen_Naletilic_2.jpg
Aaron_Peirsol/Aaron_Peirsol_2.jpg
Aaron_Peirsol/Aaron_Peirsol_1.jpg
65057443@N00_identity_5/face_0.jpg
65057443@N00_identity_5/face_1.jpg
66229509@N05_identity_7/face_0.jpg
66229509@N05_identity_7/face_1.jpg
53895021@N06_identity_28/7864717776_0.jpg
53895021@N06_identity_28/7864719020_0.jpg
JJ_Redick/JJ_Redick_1.jpg
Islam_Karimov/Islam_Karimov_1.jpg
Islam_Karimov/Islam_Karimov_3.jpg
Dino_Risi/Dino_Risi_2.jpg
Dino_Risi/Dino_Risi_1.jpg
Juljia_Vysotskij/Juljia_Vysotskij_1.jpg
Juljia_Vysotskij/Juljia_Vysotskij_2.jpg
49231590@N07_identity_65/face_0.jpg
49231590@N07_identity_65/face_3.jpg
42228781@N00_identity_62/face_5.jpg
42228781@N00_identity_62/face_3.jpg
Jane_Kaczmarek/Jane_Kaczmarek_1.jpg
Jane_Kaczmarek/Jane_Kaczmarek_2.jpg
38763988@N05_identity_4/face_0.jpg
38763988@N05_identity_4/face_2.jpg
58857880@N00_identity_4/face_2.jpg
58857880@N00_identity_4/face_1.jpg
Kong_Quan/Kong_Quan_1.jpg
Kong_Quan/Kong_Quan_3.jpg
57958712@N00_identity_17/face_0.jpg
57958712@N00_identity_17/face_1.jpg
Jim_Hardin/Jim_Hardin_1.jpg
Jim_Hardin/Jim_Hardin_3.jpg
48023397@N07_identity_25/face_0.jpg
48023397@N07_identity_25/face_3.jpg
Mark_Leno/Mark_Leno_1.jpg
Mark_Leno/Mark_Leno_2.jpg
Marsha_Sharp/Marsha_Sharp_1.jpg
Marsha_Sharp/Marsha_Sharp_2.jpg
Mike_Bryan/Mike_Bryan_1.jpg
Mike_Bryan/Mike_Bryan_2.jpg
Anna_Faris/Anna_Faris_1.jpg
45670469@N06_identity_17/face_0.jpg
45670469@N06_identity_17/face_4.jpg
George_Allen/George_Allen_1.jpg
George_Allen/George_Allen_2.jpg
Michael_Andretti/Michael_Andretti_1.jpg
Brent_Coles/Brent_Coles_1.jpg
Brent_Coles/Brent_Coles_3.jpg
Charles_Moose/Charles_Moose_2.jpg
Charles_Moose/Charles_Moose_1.jpg
53786433@N03_identity_2/face_1.jpg
53786433@N03_identity_2/face_3.jpg
Amr_Moussa/Amr_Moussa_2.jpg
Amr_Moussa/Amr_Moussa_3.jpg
Isidro_Pastor/Isidro_Pastor_2.jpg
Isidro_Pastor/Isidro_Pastor_1.jpg
45204925@N06_identity_39/face_5.jpg
45204925@N06_identity_39/face_6.jpg
45153470@N00_identity_16/face_2.jpg
45153470@N00_identity_16/face_4.jpg
Julia_Ormond/Julia_Ormond_1.jpg
Julia_Ormond/Julia_Ormond_3.jpg
Bob_Melvin/Bob_Melvin_1.jpg
Bob_Melvin/Bob_Melvin_3.jpg
Debbie_Reynolds/Debbie_Reynolds_1.jpg
Debbie_Reynolds/Debbie_Reynolds_2.jpg
Barbara_Brezigar/Barbara_Brezigar_1.jpg
Barbara_Brezigar/Barbara_Brezigar_3.jpg
56405775@N03_identity_47/face_2.jpg
56405775@N03_identity_47/face_1.jpg
64103235@N00_identity_6/3459218226_0.jpg
64103235@N00_identity_6/3459129520_0.jpg
David_Hannay/David_Hannay_1.jpg
David_Hannay/David_Hannay_2.jpg
53912274@N00_identity_6/face_2.jpg
53912274@N00_identity_6/face_3.jpg
39120591@N07_identity_35/face_2.jpg
39120591@N07_identity_35/face_1.jpg
Makiko_Tanaka/Makiko_Tanaka_3.jpg
Makiko_Tanaka/Makiko_Tanaka_1.jpg
39237704@N00_identity_2/face_2.jpg
39237704@N00_identity_2/face_1.jpg
Leni/Leni_Bjorklund-3.jpg
Leni/Leni_Bjorklund-2.jpg
Hugh_Hefner/Hugh_Hefner_1.jpg
Hugh_Hefner/Hugh_Hefner_3.jpg
Jason_Gardner/Jason_Gardner_1.jpg
Jason_Gardner/Jason_Gardner_2.jpg
Ali_Ahmeti/Ali_Ahmeti_1.jpg
Ali_Ahmeti/Ali_Ahmeti_3.jpg
Lachlan_Murdoch/Lachlan_Murdoch_1.jpg
Lachlan_Murdoch/Lachlan_Murdoch_2.jpg
Gong_Li/Gong_Li_1.jpg
Gong_Li/Gong_Li_3.jpg
Howard_Stern/Howard_Stern_1.jpg
Howard_Stern/Howard_Stern_3.jpg
Gennifer_Flowers/Gennifer_Flowers_1.jpg
Gennifer_Flowers/Gennifer_Flowers_2.jpg
Charles_Schumer/Charles_Schumer_1.jpg
Charles_Schumer/Charles_Schumer_3.jpg
52734536@N00_identity_6/face_2.jpg
52734536@N00_identity_6/face_1.jpg
AJ_Cook/AJ_Cook_1.jpg
Dinah_Turner/Dinah_Turner_1.jpg
Dinah_Turner/Dinah_Turner_3.jpg
Eurico_Guterres/Eurico_Guterres_1.jpg
Eurico_Guterres/Eurico_Guterres_3.jpg
58909837@N00_identity_2/face_0.jpg
58909837@N00_identity_2/face_1.jpg
John_Tyson/John_Tyson_2.jpg
John_Tyson/John_Tyson_1.jpg
Jiang_Zemin/Jiang_Zemin_3.jpg
Jiang_Zemin/Jiang_Zemin_1.jpg
Eve_Pelletier/Eve_Pelletier_1.jpg
Eve_Pelletier/Eve_Pelletier_2.jpg
60570420@N05_identity_30/11626444826_0.jpg
60570420@N05_identity_30/11626469456_7.jpg
Grady_Little/Grady_Little_1.jpg
Grady_Little/Grady_Little_2.jpg
David_Braley/David_Braley_1.jpg
David_Braley/David_Braley_3.jpg
Benedita_da_Silva/Benedita_da_Silva_1.jpg
Benedita_da_Silva/Benedita_da_Silva_2.jpg
Glen_Sather/Glen_Sather_1.jpg
Glen_Sather/Glen_Sather_2.jpg
Abraham_Foxman/Abraham_Foxman_1.jpg
Abraham_Foxman/Abraham_Foxman_2.jpg
Kate_Lee/Kate_Lee_1.jpg
Kate_Lee/Kate_Lee_2.jpg
Megawati_Sukarnoputri/Megawati_Sukarnoputri_3.jpg
Megawati_Sukarnoputri/Megawati_Sukarnoputri_1.jpg
Hamid_Reza_Asefi/Hamid_Reza_Asefi_2.jpg
Hamid_Reza_Asefi/Hamid_Reza_Asefi_1.jpg
Amber_Tamblyn/Amber_Tamblyn_1.jpg
Amber_Tamblyn/Amber_Tamblyn_2.jpg
73194085@N00_identity_13/face_0.jpg
73194085@N00_identity_13/face_1.jpg
63497080@N08_identity_67/face_2.jpg
63497080@N08_identity_67/face_1.jpg
David_Heymann/David_Heymann_2.jpg
David_Heymann/David_Heymann_1.jpg
59468914@N00_identity_27/face_0.jpg
59468914@N00_identity_27/face_2.jpg
51835384@N08_identity_24/face_7.jpg
51835384@N08_identity_24/face_8.jpg
Carla_Del_Ponte/Carla_Del_Ponte_2.jpg
Carla_Del_Ponte/Carla_Del_Ponte_3.jpg
Lindsay_Benko/Lindsay_Benko_2.jpg
Lindsay_Benko/Lindsay_Benko_1.jpg
Eddie_Fenech_Adami/Eddie_Fenech_Adami_3.jpg
Eddie_Fenech_Adami/Eddie_Fenech_Adami_1.jpg
Audrey_Lacroix/Audrey_Lacroix_2.jpg
Audrey_Lacroix/Audrey_Lacroix_1.jpg
Charles_Ingram/Charles_Ingram_3.jpg
Charles_Ingram/Charles_Ingram_1.jpg
Chandrika_Kumaratunga/Chandrika_Kumaratunga_1.jpg
Chandrika_Kumaratunga/Chandrika_Kumaratunga_2.jpg
Flavia_Pennetta/Flavia_Pennetta_1.jpg
Flavia_Pennetta/Flavia_Pennetta_3.jpg
48503061@N00_identity_25/face_2.jpg
48503061@N00_identity_25/face_3.jpg
David_Dewhurst/David_Dewhurst_2.jpg
David_Dewhurst/David_Dewhurst_1.jpg
Leon_Barmore/Leon_Barmore_1.jpg
Lisa_Ling/Lisa_Ling_1.jpg
Lisa_Ling/Lisa_Ling_2.jpg
Jan_Bjoerklund/Jan_Bjoerklund_1.jpg
Jan_Bjoerklund/Jan_Bjoerklund_2.jpg
Festus_Mogae/Festus_Mogae_1.jpg
Festus_Mogae/Festus_Mogae_2.jpg
Ingrid_Betancourt/Ingrid_Betancourt_2.jpg
Ingrid_Betancourt/Ingrid_Betancourt_1.jpg
Joey_Harrington/Joey_Harrington_3.jpg
Joey_Harrington/Joey_Harrington_1.jpg
72605150@N00_identity_0/face_4.jpg
72605150@N00_identity_0/face_3.jpg
Heidi_Klum/Heidi_Klum_2.jpg
Heidi_Klum/Heidi_Klum_1.jpg
Hrithik_Roshan/Hrithik_Roshan_1.jpg
Hrithik_Roshan/Hrithik_Roshan_2.jpg
Bruce_Arena/Bruce_Arena_1.jpg
Bruce_Arena/Bruce_Arena_2.jpg
Mario_Gallegos/Mario_Gallegos_2.jpg
Mario_Gallegos/Mario_Gallegos_1.jpg
60756254@N07_identity_142/face_1.jpg
60756254@N07_identity_142/face_6.jpg
Mike_Scioscia/Mike_Scioscia_2.jpg
Mike_Scioscia/Mike_Scioscia_1.jpg
38877015@N03_identity_9/face_5.jpg
38877015@N03_identity_9/face_7.jpg
Cesar_Gaviria/Cesar_Gaviria_1.jpg
Cesar_Gaviria/Cesar_Gaviria_2.jpg
Baburam_Bhattari/Baburam_Bhattari_1.jpg
Baburam_Bhattari/Baburam_Bhattari_2.jpg
Jafar_Umar_Thalib/Jafar_Umar_Thalib_1.jpg
Jafar_Umar_Thalib/Jafar_Umar_Thalib_2.jpg
Lene_Espersen/Lene_Espersen_3.jpg
Lene_Espersen/Lene_Espersen_1.jpg
62248423@N08_identity_156/face_0.jpg
62248423@N08_identity_156/face_1.jpg
48400305@N08_identity_0/face_2.jpg
48400305@N08_identity_0/face_1.jpg
Maurice_Strong/Maurice_Strong_1.jpg
Maurice_Strong/Maurice_Strong_3.jpg
John_Baldacci/John_Baldacci_2.jpg
John_Baldacci/John_Baldacci_1.jpg
62821779@N05_identity_76/face_7.jpg
62821779@N05_identity_76/face_1.jpg
51062326@N00_identity_16/face_0.jpg
51062326@N00_identity_16/face_2.jpg
72228241@N06_identity_11/face_0.jpg
James_Lockhart/James_Lockhart_2.jpg
James_Lockhart/James_Lockhart_1.jpg
Martin_Sheen/Martin_Sheen_1.jpg
Martin_Sheen/Martin_Sheen_2.jpg
Dennis_Archer/Dennis_Archer_1.jpg
Dennis_Archer/Dennis_Archer_3.jpg
75502583@N04_identity_4/face_2.jpg
75502583@N04_identity_4/face_1.jpg
41088260@N06_identity_9/face_2.jpg
41088260@N06_identity_9/face_3.jpg
Marina_Kuptsova/Marina_Kuptsova_2.jpg
Marina_Kuptsova/Marina_Kuptsova_1.jpg
Abdoulaye_Wade/Abdoulaye_Wade_3.jpg
Abdoulaye_Wade/Abdoulaye_Wade_1.jpg
LeBron_James/LeBron_James_2.jpg
LeBron_James/LeBron_James_1.jpg
George_Tenet/George_Tenet_3.jpg
George_Tenet/George_Tenet_1.jpg
Carlos_Alberto_Parreira/Carlos_Alberto_Parreira_1.jpg
Carlos_Alberto_Parreira/Carlos_Alberto_Parreira_3.jpg
Alejandro_Gonzalez_Inarritu/Alejandro_Gonzalez_Inarritu_1.jpg
Alejandro_Gonzalez_Inarritu/Alejandro_Gonzalez_Inarritu_2.jpg
Jack_Grubman/Jack_Grubman_1.jpg
Jack_Grubman/Jack_Grubman_3.jpg
38883104@N00_identity_34/face_0.jpg
38883104@N00_identity_34/face_2.jpg
Charles_Grassley/Charles_Grassley_2.jpg
Charles_Grassley/Charles_Grassley_1.jpg
59468914@N00_identity_22/face_2.jpg
59468914@N00_identity_22/face_1.jpg
Jo_Dee_Messina/Jo_Dee_Messina_1.jpg
Jo_Dee_Messina/Jo_Dee_Messina_3.jpg
Jane_Pauley/Jane_Pauley_2.jpg
Jane_Pauley/Jane_Pauley_1.jpg
Anne_McLellan/Anne_McLellan_1.jpg
Anne_McLellan/Anne_McLellan_3.jpg
Mekhi_Phifer/Mekhi_Phifer_1.jpg
Mekhi_Phifer/Mekhi_Phifer_2.jpg
Chris_Neil/Chris_Neil_3.jpg
Chris_Neil/Chris_Neil_1.jpg
Adel_Al-Jubeir/Adel_Al-Jubeir_2.jpg
Adel_Al-Jubeir/Adel_Al-Jubeir_1.jpg
Emanuel_Ginobili/Emanuel_Ginobili_3.jpg
Emanuel_Ginobili/Emanuel_Ginobili_1.jpg
49503144230@N01_identity_1/face_2.jpg
49503144230@N01_identity_1/face_3.jpg
Antonio_Trillanes/Antonio_Trillanes_2.jpg
Antonio_Trillanes/Antonio_Trillanes_1.jpg
Lynn_Abraham/Lynn_Abraham_1.jpg
Lynn_Abraham/Lynn_Abraham_3.jpg
43024660@N02_identity_1/face_2.jpg
43024660@N02_identity_1/face_4.jpg
Joan_Collins/Joan_Collins_1.jpg
Joan_Collins/Joan_Collins_2.jpg
David_Brinkley/David_Brinkley_3.jpg
David_Brinkley/David_Brinkley_1.jpg
Bob_Hope/Bob_Hope_2.jpg
Bob_Hope/Bob_Hope_1.jpg
Mike_Sherman/Mike_Sherman_3.jpg
Mike_Sherman/Mike_Sherman_1.jpg
Inocencio_Arias/Inocencio_Arias_2.jpg
Inocencio_Arias/Inocencio_Arias_1.jpg
75408070@N06_identity_57/face_0.jpg
75408070@N06_identity_57/face_2.jpg
Diana_Taylor/Diana_Taylor_1.jpg
62278391@N03_identity_48/face_0.jpg
62278391@N03_identity_48/face_1.jpg
7506006@N07_identity_16/8577698874_0.jpg
7506006@N07_identity_16/7021458273_0.jpg
43282450@N00_identity_0/face_5.jpg
43282450@N00_identity_0/face_2.jpg
Carolina_Kluft/Carolina_Kluft_3.jpg
Carolina_Kluft/Carolina_Kluft_1.jpg
Eduard_Shevardnadze/Eduard_Shevardnadze_1.jpg
Eduard_Shevardnadze/Eduard_Shevardnadze_3.jpg
Al_Davis/Al_Davis_1.jpg
Al_Davis/Al_Davis_3.jpg
Floyd_Mayweather/Floyd_Mayweather_2.jpg
Floyd_Mayweather/Floyd_Mayweather_3.jpg
Joe_Torre/Joe_Torre_3.jpg
Joe_Torre/Joe_Torre_1.jpg
Amber_Frey/Amber_Frey_1.jpg
Amber_Frey/Amber_Frey_3.jpg
Mike_Alden/Mike_Alden_1.jpg
Mike_Alden/Mike_Alden_3.jpg
Mark_Gottfried/Mark_Gottfried_1.jpg
Mark_Gottfried/Mark_Gottfried_2.jpg
59219261@N00_identity_0/face_4.jpg
59219261@N00_identity_0/face_1.jpg
52852362@N00_identity_3/face_3.jpg
52852362@N00_identity_3/face_8.jpg
Chloe_Sevigny/Chloe_Sevigny_1.jpg
Chloe_Sevigny/Chloe_Sevigny_2.jpg
Eddie_Lucio/Eddie_Lucio_2.jpg
Eddie_Lucio/Eddie_Lucio_1.jpg
Hutomo_Mandala_Putra/Hutomo_Mandala_Putra_1.jpg
Hutomo_Mandala_Putra/Hutomo_Mandala_Putra_3.jpg
42509570@N00_identity_0/face_0.jpg
42509570@N00_identity_0/face_1.jpg
Derek_Parra/Derek_Parra_2.jpg
Derek_Parra/Derek_Parra_1.jpg
75082864@N00_identity_1/face_0.jpg
75082864@N00_identity_1/face_2.jpg
66474042@N07_identity_80/face_0.jpg
66474042@N07_identity_80/face_2.jpg
57954258@N06_identity_55/face_0.jpg
57954258@N06_identity_55/face_1.jpg
47635928@N00_identity_4/face_0.jpg
47635928@N00_identity_4/face_2.jpg
47635928@N00_identity_4/face_8.jpg
Lydia_Shum/Lydia_Shum_3.jpg
Lydia_Shum/Lydia_Shum_1.jpg
Alimzhan_Tokhtakhounov/Alimzhan_Tokhtakhounov_1.jpg
Alimzhan_Tokhtakhounov/Alimzhan_Tokhtakhounov_2.jpg
Eric_Christian_Olsen/Eric_Christian_Olsen_1.jpg
Eric_Christian_Olsen/Eric_Christian_Olsen_2.jpg
60204143@N00_identity_6/face_0.jpg
60204143@N00_identity_6/face_1.jpg
61991005@N06_identity_2/7172885675_4.jpg
61991005@N06_identity_2/7172788345_3.jpg
Infanta_Cristina/Infanta_Cristina_1.jpg
Infanta_Cristina/Infanta_Cristina_3.jpg
Christy_Ferer/Christy_Ferer_1.jpg
Christy_Ferer/Christy_Ferer_2.jpg
Justin_Timberlake/Justin_Timberlake_1.jpg
Justin_Timberlake/Justin_Timberlake_3.jpg
50764945@N07_identity_23/face_2.jpg
50764945@N07_identity_23/face_1.jpg
Jean-Claude_Braquet/Jean-Claude_Braquet_3.jpg
Jean-Claude_Braquet/Jean-Claude_Braquet_1.jpg
60397683@N06_identity_15/face_0.jpg
60397683@N06_identity_15/face_3.jpg
51035620553@N01_identity_24/face_0.jpg
51035620553@N01_identity_24/face_1.jpg
50035626@N07_identity_0/face_0.jpg
50035626@N07_identity_0/face_1.jpg
48547917@N00_identity_1/face_0.jpg
45335565@N00_identity_10/face_2.jpg
BB_King/BB_King_1.jpg
BB_King/BB_King_2.jpg
Marie-Josee_Croze/Marie-Josee_Croze_3.jpg
Marie-Josee_Croze/Marie-Josee_Croze_2.jpg
Earl_Scruggs/Earl_Scruggs_3.jpg
Earl_Scruggs/Earl_Scruggs_1.jpg
50687522@N00_identity_9/face_4.jpg
50687522@N00_identity_9/face_6.jpg
40756374@N04_identity_43/face_2.jpg
40756374@N04_identity_43/face_6.jpg
Bernadette_Peters/Bernadette_Peters_1.jpg
Bernadette_Peters/Bernadette_Peters_2.jpg
77756670@N00_identity_1/face_7.jpg
77756670@N00_identity_1/face_3.jpg
Momcilo_Perisic/Momcilo_Perisic_2.jpg
Momcilo_Perisic/Momcilo_Perisic_1.jpg
Ali_Naimi/Ali_Naimi_1.jpg
Ali_Naimi/Ali_Naimi_3.jpg
54971823@N00_identity_86/face_0.jpg
54971823@N00_identity_86/face_1.jpg
Akbar_Al_Baker/Akbar_Al_Baker_2.jpg
Akbar_Al_Baker/Akbar_Al_Baker_1.jpg
Brenda_Magana/Brenda_Magana_3.jpg
Brenda_Magana/Brenda_Magana_1.jpg
50556076@N00_identity_2/face_2.jpg
50556076@N00_identity_2/face_4.jpg
41903975@N00_identity_4/3828329201_2.jpg
41903975@N00_identity_4/3828409555_1.jpg
39550519@N04_identity_97/face_2.jpg
39550519@N04_identity_97/face_1.jpg
Luis_Gonzalez_Macchi/Luis_Gonzalez_Macchi_3.jpg
Luis_Gonzalez_Macchi/Luis_Gonzalez_Macchi_1.jpg
Gerhard_Schroeder/Gerhard_Schroeder_2.jpg
Gerhard_Schroeder/Gerhard_Schroeder_1.jpg
John_Brady/John_Brady_2.jpg
John_Brady/John_Brady_1.jpg
Andrzej_Tyszkiewicz/Andrzej_Tyszkiewicz_3.jpg
Andrzej_Tyszkiewicz/Andrzej_Tyszkiewicz_1.jpg
63007983@N00_identity_31/face_0.jpg
63007983@N00_identity_31/face_3.jpg
Josh_Childress/Josh_Childress_1.jpg
Josh_Childress/Josh_Childress_2.jpg
Aidan_Quinn/Aidan_Quinn_1.jpg
Aidan_Quinn/Aidan_Quinn_3.jpg
40155993@N00_identity_22/face_0.jpg
40155993@N00_identity_22/face_2.jpg
Ahmed_Ahmed/Ahmed_Ahmed_3.jpg
Ahmed_Ahmed/Ahmed_Ahmed_1.jpg
Arnold_Palmer/Arnold_Palmer_2.jpg
Arnold_Palmer/Arnold_Palmer_1.jpg
63262340@N00_identity_50/face_2.jpg
63262340@N00_identity_50/face_1.jpg
38841239@N02_identity_8/5203150897_0.jpg
38841239@N02_identity_8/5203140167_0.jpg
Dan_Snyder/Dan_Snyder_1.jpg
59477336@N08_identity_4/face_0.jpg
59477336@N08_identity_4/face_1.jpg
Jeffery_Hendren/Jeffery_Hendren_3.jpg
Jeffery_Hendren/Jeffery_Hendren_1.jpg
43972449@N02_identity_11/face_11.jpg
43972449@N02_identity_11/face_10.jpg
Garry_Trudeau/Garry_Trudeau_2.jpg
Garry_Trudeau/Garry_Trudeau_1.jpg
51640646@N04_identity_176/face_2.jpg
51640646@N04_identity_176/face_4.jpg
Moon-So-ri/Moon-So-ri_1.jpg
Moon-So-ri/Moon-So-ri_3.jpg
Kathryn_Grayson/Kathryn_Grayson_3.jpg
Kathryn_Grayson/Kathryn_Grayson_1.jpg
Barbra_Streisand/Barbra_Streisand_3.jpg
Barbra_Streisand/Barbra_Streisand_1.jpg
John_Bond/John_Bond_2.jpg
John_Bond/John_Bond_1.jpg
58787529@N08_identity_31/face_4.jpg
58787529@N08_identity_31/face_3.jpg
48438684@N04_identity_37/face_0.jpg
48438684@N04_identity_37/face_2.jpg
Deepa_Mehta/Deepa_Mehta_2.jpg
Deepa_Mehta/Deepa_Mehta_1.jpg
Mario_Austin/Mario_Austin_1.jpg
Mario_Austin/Mario_Austin_3.jpg
63600754@N04_identity_59/face_1.jpg
63600754@N04_identity_59/face_3.jpg
